17:38:58 **** Build of project ps_uart_test_bsp ****
make -k all 
"Running Make include in ps7_cortexa9_0/libsrc/coresightps_dcc_v1_4/src"
make -C ps7_cortexa9_0/libsrc/coresightps_dcc_v1_4/src -s include  "SHELL=CMD" "COMPILER=arm-none-eabi-gcc" "ARCHIVER=arm-none-eabi-ar" "COMPILER_FLAGS=  -O2 -c" "EXTRA_COMPILER_FLAGS=-mcpu=cortex-a9 -mfpu=vfpv3 -mfloat-abi=hard -nostartfiles -Wall -Wextra"
"Running Make include in ps7_cortexa9_0/libsrc/cpu_cortexa9_v2_5/src"
make -C ps7_cortexa9_0/libsrc/cpu_cortexa9_v2_5/src -s include  "SHELL=CMD" "COMPILER=arm-none-eabi-gcc" "ARCHIVER=arm-none-eabi-ar" "COMPILER_FLAGS=  -O2 -c" "EXTRA_COMPILER_FLAGS=-mcpu=cortex-a9 -mfpu=vfpv3 -mfloat-abi=hard -nostartfiles -Wall -Wextra"
"Running Make include in ps7_cortexa9_0/libsrc/ddrps_v1_0/src"
make -C ps7_cortexa9_0/libsrc/ddrps_v1_0/src -s include  "SHELL=CMD" "COMPILER=arm-none-eabi-gcc" "ARCHIVER=arm-none-eabi-ar" "COMPILER_FLAGS=  -O2 -c" "EXTRA_COMPILER_FLAGS=-mcpu=cortex-a9 -mfpu=vfpv3 -mfloat-abi=hard -nostartfiles -Wall -Wextra"
"Running Make include in ps7_cortexa9_0/libsrc/devcfg_v3_5/src"
make -C ps7_cortexa9_0/libsrc/devcfg_v3_5/src -s include  "SHELL=CMD" "COMPILER=arm-none-eabi-gcc" "ARCHIVER=arm-none-eabi-ar" "COMPILER_FLAGS=  -O2 -c" "EXTRA_COMPILER_FLAGS=-mcpu=cortex-a9 -mfpu=vfpv3 -mfloat-abi=hard -nostartfiles -Wall -Wextra"
"Running Make include in ps7_cortexa9_0/libsrc/dmaps_v2_3/src"
make -C ps7_cortexa9_0/libsrc/dmaps_v2_3/src -s include  "SHELL=CMD" "COMPILER=arm-none-eabi-gcc" "ARCHIVER=arm-none-eabi-ar" "COMPILER_FLAGS=  -O2 -c" "EXTRA_COMPILER_FLAGS=-mcpu=cortex-a9 -mfpu=vfpv3 -mfloat-abi=hard -nostartfiles -Wall -Wextra"
"Running Make include in ps7_cortexa9_0/libsrc/gpiops_v3_3/src"
make -C ps7_cortexa9_0/libsrc/gpiops_v3_3/src -s include  "SHELL=CMD" "COMPILER=arm-none-eabi-gcc" "ARCHIVER=arm-none-eabi-ar" "COMPILER_FLAGS=  -O2 -c" "EXTRA_COMPILER_FLAGS=-mcpu=cortex-a9 -mfpu=vfpv3 -mfloat-abi=hard -nostartfiles -Wall -Wextra"
"Running Make include in ps7_cortexa9_0/libsrc/scugic_v3_8/src"
make -C ps7_cortexa9_0/libsrc/scugic_v3_8/src -s include  "SHELL=CMD" "COMPILER=arm-none-eabi-gcc" "ARCHIVER=arm-none-eabi-ar" "COMPILER_FLAGS=  -O2 -c" "EXTRA_COMPILER_FLAGS=-mcpu=cortex-a9 -mfpu=vfpv3 -mfloat-abi=hard -nostartfiles -Wall -Wextra"
"Running Make include in ps7_cortexa9_0/libsrc/scutimer_v2_1/src"
make -C ps7_cortexa9_0/libsrc/scutimer_v2_1/src -s include  "SHELL=CMD" "COMPILER=arm-none-eabi-gcc" "ARCHIVER=arm-none-eabi-ar" "COMPILER_FLAGS=  -O2 -c" "EXTRA_COMPILER_FLAGS=-mcpu=cortex-a9 -mfpu=vfpv3 -mfloat-abi=hard -nostartfiles -Wall -Wextra"
"Running Make include in ps7_cortexa9_0/libsrc/scuwdt_v2_1/src"
make -C ps7_cortexa9_0/libsrc/scuwdt_v2_1/src -s include  "SHELL=CMD" "COMPILER=arm-none-eabi-gcc" "ARCHIVER=arm-none-eabi-ar" "COMPILER_FLAGS=  -O2 -c" "EXTRA_COMPILER_FLAGS=-mcpu=cortex-a9 -mfpu=vfpv3 -mfloat-abi=hard -nostartfiles -Wall -Wextra"
"Running Make include in ps7_cortexa9_0/libsrc/standalone_v6_5/src"
make -C ps7_cortexa9_0/libsrc/standalone_v6_5/src -s include  "SHELL=CMD" "COMPILER=arm-none-eabi-gcc" "ARCHIVER=arm-none-eabi-ar" "COMPILER_FLAGS=  -O2 -c" "EXTRA_COMPILER_FLAGS=-mcpu=cortex-a9 -mfpu=vfpv3 -mfloat-abi=hard -nostartfiles -Wall -Wextra"
"Running Make include in ps7_cortexa9_0/libsrc/uartps_v3_5/src"
make -C ps7_cortexa9_0/libsrc/uartps_v3_5/src -s include  "SHELL=CMD" "COMPILER=arm-none-eabi-gcc" "ARCHIVER=arm-none-eabi-ar" "COMPILER_FLAGS=  -O2 -c" "EXTRA_COMPILER_FLAGS=-mcpu=cortex-a9 -mfpu=vfpv3 -mfloat-abi=hard -nostartfiles -Wall -Wextra"
"Running Make include in ps7_cortexa9_0/libsrc/xadcps_v2_2/src"
make -C ps7_cortexa9_0/libsrc/xadcps_v2_2/src -s include  "SHELL=CMD" "COMPILER=arm-none-eabi-gcc" "ARCHIVER=arm-none-eabi-ar" "COMPILER_FLAGS=  -O2 -c" "EXTRA_COMPILER_FLAGS=-mcpu=cortex-a9 -mfpu=vfpv3 -mfloat-abi=hard -nostartfiles -Wall -Wextra"
"Running Make libs in ps7_cortexa9_0/libsrc/coresightps_dcc_v1_4/src"
make -C ps7_cortexa9_0/libsrc/coresightps_dcc_v1_4/src -s libs  "SHELL=CMD" "COMPILER=arm-none-eabi-gcc" "ARCHIVER=arm-none-eabi-ar" "COMPILER_FLAGS=  -O2 -c" "EXTRA_COMPILER_FLAGS=-mcpu=cortex-a9 -mfpu=vfpv3 -mfloat-abi=hard -nostartfiles -Wall -Wextra"
"Compiling coresightps_dcc"
arm-none-eabi-ar: creating ../../../lib/libxil.a
"Running Make libs in ps7_cortexa9_0/libsrc/cpu_cortexa9_v2_5/src"
make -C ps7_cortexa9_0/libsrc/cpu_cortexa9_v2_5/src -s libs  "SHELL=CMD" "COMPILER=arm-none-eabi-gcc" "ARCHIVER=arm-none-eabi-ar" "COMPILER_FLAGS=  -O2 -c" "EXTRA_COMPILER_FLAGS=-mcpu=cortex-a9 -mfpu=vfpv3 -mfloat-abi=hard -nostartfiles -Wall -Wextra"
"Compiling cpu_cortexa9"
"Running Make libs in ps7_cortexa9_0/libsrc/ddrps_v1_0/src"
make -C ps7_cortexa9_0/libsrc/ddrps_v1_0/src -s libs  "SHELL=CMD" "COMPILER=arm-none-eabi-gcc" "ARCHIVER=arm-none-eabi-ar" "COMPILER_FLAGS=  -O2 -c" "EXTRA_COMPILER_FLAGS=-mcpu=cortex-a9 -mfpu=vfpv3 -mfloat-abi=hard -nostartfiles -Wall -Wextra"
"Compiling ddrps"
"Running Make libs in ps7_cortexa9_0/libsrc/devcfg_v3_5/src"
make -C ps7_cortexa9_0/libsrc/devcfg_v3_5/src -s libs  "SHELL=CMD" "COMPILER=arm-none-eabi-gcc" "ARCHIVER=arm-none-eabi-ar" "COMPILER_FLAGS=  -O2 -c" "EXTRA_COMPILER_FLAGS=-mcpu=cortex-a9 -mfpu=vfpv3 -mfloat-abi=hard -nostartfiles -Wall -Wextra"
"Compiling devcfg"
"Running Make libs in ps7_cortexa9_0/libsrc/dmaps_v2_3/src"
make -C ps7_cortexa9_0/libsrc/dmaps_v2_3/src -s libs  "SHELL=CMD" "COMPILER=arm-none-eabi-gcc" "ARCHIVER=arm-none-eabi-ar" "COMPILER_FLAGS=  -O2 -c" "EXTRA_COMPILER_FLAGS=-mcpu=cortex-a9 -mfpu=vfpv3 -mfloat-abi=hard -nostartfiles -Wall -Wextra"
"Compiling dmaps"
"Running Make libs in ps7_cortexa9_0/libsrc/gpiops_v3_3/src"
make -C ps7_cortexa9_0/libsrc/gpiops_v3_3/src -s libs  "SHELL=CMD" "COMPILER=arm-none-eabi-gcc" "ARCHIVER=arm-none-eabi-ar" "COMPILER_FLAGS=  -O2 -c" "EXTRA_COMPILER_FLAGS=-mcpu=cortex-a9 -mfpu=vfpv3 -mfloat-abi=hard -nostartfiles -Wall -Wextra"
"Compiling gpiops"
"Running Make libs in ps7_cortexa9_0/libsrc/scugic_v3_8/src"
make -C ps7_cortexa9_0/libsrc/scugic_v3_8/src -s libs  "SHELL=CMD" "COMPILER=arm-none-eabi-gcc" "ARCHIVER=arm-none-eabi-ar" "COMPILER_FLAGS=  -O2 -c" "EXTRA_COMPILER_FLAGS=-mcpu=cortex-a9 -mfpu=vfpv3 -mfloat-abi=hard -nostartfiles -Wall -Wextra"
"Compiling scugic"
"Running Make libs in ps7_cortexa9_0/libsrc/scutimer_v2_1/src"
make -C ps7_cortexa9_0/libsrc/scutimer_v2_1/src -s libs  "SHELL=CMD" "COMPILER=arm-none-eabi-gcc" "ARCHIVER=arm-none-eabi-ar" "COMPILER_FLAGS=  -O2 -c" "EXTRA_COMPILER_FLAGS=-mcpu=cortex-a9 -mfpu=vfpv3 -mfloat-abi=hard -nostartfiles -Wall -Wextra"
"Compiling scutimer"
"Running Make libs in ps7_cortexa9_0/libsrc/scuwdt_v2_1/src"
make -C ps7_cortexa9_0/libsrc/scuwdt_v2_1/src -s libs  "SHELL=CMD" "COMPILER=arm-none-eabi-gcc" "ARCHIVER=arm-none-eabi-ar" "COMPILER_FLAGS=  -O2 -c" "EXTRA_COMPILER_FLAGS=-mcpu=cortex-a9 -mfpu=vfpv3 -mfloat-abi=hard -nostartfiles -Wall -Wextra"
"Compiling scuwdt"
"Running Make libs in ps7_cortexa9_0/libsrc/standalone_v6_5/src"
make -C ps7_cortexa9_0/libsrc/standalone_v6_5/src -s libs  "SHELL=CMD" "COMPILER=arm-none-eabi-gcc" "ARCHIVER=arm-none-eabi-ar" "COMPILER_FLAGS=  -O2 -c" "EXTRA_COMPILER_FLAGS=-mcpu=cortex-a9 -mfpu=vfpv3 -mfloat-abi=hard -nostartfiles -Wall -Wextra"
"Compiling standalone"
"Running Make libs in ps7_cortexa9_0/libsrc/uartps_v3_5/src"
make -C ps7_cortexa9_0/libsrc/uartps_v3_5/src -s libs  "SHELL=CMD" "COMPILER=arm-none-eabi-gcc" "ARCHIVER=arm-none-eabi-ar" "COMPILER_FLAGS=  -O2 -c" "EXTRA_COMPILER_FLAGS=-mcpu=cortex-a9 -mfpu=vfpv3 -mfloat-abi=hard -nostartfiles -Wall -Wextra"
"Compiling uartps"
"Running Make libs in ps7_cortexa9_0/libsrc/xadcps_v2_2/src"
make -C ps7_cortexa9_0/libsrc/xadcps_v2_2/src -s libs  "SHELL=CMD" "COMPILER=arm-none-eabi-gcc" "ARCHIVER=arm-none-eabi-ar" "COMPILER_FLAGS=  -O2 -c" "EXTRA_COMPILER_FLAGS=-mcpu=cortex-a9 -mfpu=vfpv3 -mfloat-abi=hard -nostartfiles -Wall -Wextra"
"Compiling xadcps"
'Finished building libraries'
17:39:12 **** Build of configuration Debug for project ps_uart_test ****
make pre-build main-build 
a9-linaro-pre-build-step
' '
'Building file: ../src/helloworld.c'
'Invoking: ARM v7 gcc compiler'
arm-none-eabi-gcc -Wall -O0 -g3 -c -fmessage-length=0 -MT"src/helloworld.o" -mcpu=cortex-a9 -mfpu=vfpv3 -mfloat-abi=hard -I../../ps_uart_test_bsp/ps7_cortexa9_0/include -MMD -MP -MF"src/helloworld.d" -MT"src/helloworld.o" -o "src/helloworld.o" "../src/helloworld.c"
'Finished building: ../src/helloworld.c'
' '
'Building file: ../src/platform.c'
'Invoking: ARM v7 gcc compiler'
arm-none-eabi-gcc -Wall -O0 -g3 -c -fmessage-length=0 -MT"src/platform.o" -mcpu=cortex-a9 -mfpu=vfpv3 -mfloat-abi=hard -I../../ps_uart_test_bsp/ps7_cortexa9_0/include -MMD -MP -MF"src/platform.d" -MT"src/platform.o" -o "src/platform.o" "../src/platform.c"
'Finished building: ../src/platform.c'
' '
'Building target: ps_uart_test.elf'
'Invoking: ARM v7 gcc linker'
arm-none-eabi-gcc -mcpu=cortex-a9 -mfpu=vfpv3 -mfloat-abi=hard -Wl,-build-id=none -specs=Xilinx.spec -Wl,-T -Wl,../src/lscript.ld -L../../ps_uart_test_bsp/ps7_cortexa9_0/lib -o "ps_uart_test.elf"  ./src/helloworld.o ./src/platform.o   -Wl,--start-group,-lxil,-lgcc,-lc,--end-group
'Finished building target: ps_uart_test.elf'
' '
'Invoking: ARM v7 Print Size'
arm-none-eabi-size ps_uart_test.elf  |tee "ps_uart_test.elf.size"
   text	   data	    bss	    dec	    hex	filename
  19384	   1148	  22568	  43100	   a85c	ps_uart_test.elf
'Finished building: ps_uart_test.elf.size'
' '
17:41:17 **** Auto Build of configuration Debug for project ps_uart_test ****
make pre-build main-build 
a9-linaro-pre-build-step
' '
make: Nothing to be done for `main-build'.
17:42:58 **** Auto Build of configuration Debug for project ps_uart_test ****
make pre-build main-build 
a9-linaro-pre-build-step
' '
'Building file: ../src/helloworld.c'
'Invoking: ARM v7 gcc compiler'
arm-none-eabi-gcc -Wall -O0 -g3 -c -fmessage-length=0 -MT"src/helloworld.o" -mcpu=cortex-a9 -mfpu=vfpv3 -mfloat-abi=hard -I../../ps_uart_test_bsp/ps7_cortexa9_0/include -MMD -MP -MF"src/helloworld.d" -MT"src/helloworld.o" -o "src/helloworld.o" "../src/helloworld.c"
../src/helloworld.c: In function 'main':
../src/helloworld.c:99:16: warning: implicit declaration of function 'malloc' [-Wimplicit-function-declaration]
  Recbuf = (u8*)malloc(2000) ;
                ^~~~~~
../src/helloworld.c:99:16: warning: incompatible implicit declaration of built-in function 'malloc'
../src/helloworld.c:99:16: note: include '<stdlib.h>' or provide a declaration of 'malloc'
'Finished building: ../src/helloworld.c'
' '
'Building target: ps_uart_test.elf'
'Invoking: ARM v7 gcc linker'
arm-none-eabi-gcc -mcpu=cortex-a9 -mfpu=vfpv3 -mfloat-abi=hard -Wl,-build-id=none -specs=Xilinx.spec -Wl,-T -Wl,../src/lscript.ld -L../../ps_uart_test_bsp/ps7_cortexa9_0/lib -o "ps_uart_test.elf"  ./src/helloworld.o ./src/platform.o   -Wl,--start-group,-lxil,-lgcc,-lc,--end-group
'Finished building target: ps_uart_test.elf'
' '
'Invoking: ARM v7 Print Size'
arm-none-eabi-size ps_uart_test.elf  |tee "ps_uart_test.elf.size"
   text	   data	    bss	    dec	    hex	filename
  32588	   3812	  22744	  59144	   e708	ps_uart_test.elf
'Finished building: ps_uart_test.elf.size'
' '
17:43:03 **** Auto Build of configuration Debug for project ps_uart_test ****
make pre-build main-build 
a9-linaro-pre-build-step
' '
'Building file: ../src/helloworld.c'
'Invoking: ARM v7 gcc compiler'
arm-none-eabi-gcc -Wall -O0 -g3 -c -fmessage-length=0 -MT"src/helloworld.o" -mcpu=cortex-a9 -mfpu=vfpv3 -mfloat-abi=hard -I../../ps_uart_test_bsp/ps7_cortexa9_0/include -MMD -MP -MF"src/helloworld.d" -MT"src/helloworld.o" -o "src/helloworld.o" "../src/helloworld.c"
../src/helloworld.c: In function 'main':
../src/helloworld.c:99:16: warning: implicit declaration of function 'malloc' [-Wimplicit-function-declaration]
  Recbuf = (u8*)malloc(2000) ;
                ^~~~~~
../src/helloworld.c:99:16: warning: incompatible implicit declaration of built-in function 'malloc'
../src/helloworld.c:99:16: note: include '<stdlib.h>' or provide a declaration of 'malloc'
'Finished building: ../src/helloworld.c'
' '
'Building target: ps_uart_test.elf'
'Invoking: ARM v7 gcc linker'
arm-none-eabi-gcc -mcpu=cortex-a9 -mfpu=vfpv3 -mfloat-abi=hard -Wl,-build-id=none -specs=Xilinx.spec -Wl,-T -Wl,../src/lscript.ld -L../../ps_uart_test_bsp/ps7_cortexa9_0/lib -o "ps_uart_test.elf"  ./src/helloworld.o ./src/platform.o   -Wl,--start-group,-lxil,-lgcc,-lc,--end-group
'Finished building target: ps_uart_test.elf'
' '
'Invoking: ARM v7 Print Size'
arm-none-eabi-size ps_uart_test.elf  |tee "ps_uart_test.elf.size"
   text	   data	    bss	    dec	    hex	filename
  32588	   3812	  22744	  59144	   e708	ps_uart_test.elf
'Finished building: ps_uart_test.elf.size'
' '
17:47:42 **** Incremental Build of configuration Debug for project ps_uart_test ****
make pre-build main-build 
a9-linaro-pre-build-step
' '
make: Nothing to be done for `main-build'.
17:49:25 **** Auto Build of configuration Debug for project ps_uart_test ****
make pre-build main-build 
a9-linaro-pre-build-step
' '
'Building file: ../src/helloworld.c'
'Invoking: ARM v7 gcc compiler'
arm-none-eabi-gcc -Wall -O0 -g3 -c -fmessage-length=0 -MT"src/helloworld.o" -mcpu=cortex-a9 -mfpu=vfpv3 -mfloat-abi=hard -I../../ps_uart_test_bsp/ps7_cortexa9_0/include -MMD -MP -MF"src/helloworld.d" -MT"src/helloworld.o" -o "src/helloworld.o" "../src/helloworld.c"
../src/helloworld.c: In function 'main':
../src/helloworld.c:99:16: warning: implicit declaration of function 'malloc' [-Wimplicit-function-declaration]
  Recbuf = (u8*)malloc(2000) ;
                ^~~~~~
../src/helloworld.c:99:16: warning: incompatible implicit declaration of built-in function 'malloc'
../src/helloworld.c:99:16: note: include '<stdlib.h>' or provide a declaration of 'malloc'
'Finished building: ../src/helloworld.c'
' '
'Building target: ps_uart_test.elf'
'Invoking: ARM v7 gcc linker'
arm-none-eabi-gcc -mcpu=cortex-a9 -mfpu=vfpv3 -mfloat-abi=hard -Wl,-build-id=none -specs=Xilinx.spec -Wl,-T -Wl,../src/lscript.ld -L../../ps_uart_test_bsp/ps7_cortexa9_0/lib -o "ps_uart_test.elf"  ./src/helloworld.o ./src/platform.o   -Wl,--start-group,-lxil,-lgcc,-lc,--end-group
'Finished building target: ps_uart_test.elf'
' '
'Invoking: ARM v7 Print Size'
arm-none-eabi-size ps_uart_test.elf  |tee "ps_uart_test.elf.size"
   text	   data	    bss	    dec	    hex	filename
  32588	   3812	  22744	  59144	   e708	ps_uart_test.elf
'Finished building: ps_uart_test.elf.size'
' '
17:49:30 **** Incremental Build of configuration Debug for project ps_uart_test ****
make pre-build main-build 
a9-linaro-pre-build-step
' '
make: Nothing to be done for `main-build'.
17:52:25 **** Auto Build of configuration Debug for project ps_uart_test ****
make pre-build main-build 
a9-linaro-pre-build-step
' '
'Building file: ../src/helloworld.c'
'Invoking: ARM v7 gcc compiler'
arm-none-eabi-gcc -Wall -O0 -g3 -c -fmessage-length=0 -MT"src/helloworld.o" -mcpu=cortex-a9 -mfpu=vfpv3 -mfloat-abi=hard -I../../ps_uart_test_bsp/ps7_cortexa9_0/include -MMD -MP -MF"src/helloworld.d" -MT"src/helloworld.o" -o "src/helloworld.o" "../src/helloworld.c"
../src/helloworld.c: In function 'main':
../src/helloworld.c:96:16: warning: implicit declaration of function 'malloc' [-Wimplicit-function-declaration]
  Recbuf = (u8*)malloc(2000) ;
                ^~~~~~
../src/helloworld.c:96:16: warning: incompatible implicit declaration of built-in function 'malloc'
../src/helloworld.c:96:16: note: include '<stdlib.h>' or provide a declaration of 'malloc'
'Finished building: ../src/helloworld.c'
' '
'Building target: ps_uart_test.elf'
'Invoking: ARM v7 gcc linker'
arm-none-eabi-gcc -mcpu=cortex-a9 -mfpu=vfpv3 -mfloat-abi=hard -Wl,-build-id=none -specs=Xilinx.spec -Wl,-T -Wl,../src/lscript.ld -L../../ps_uart_test_bsp/ps7_cortexa9_0/lib -o "ps_uart_test.elf"  ./src/helloworld.o ./src/platform.o   -Wl,--start-group,-lxil,-lgcc,-lc,--end-group
'Finished building target: ps_uart_test.elf'
' '
'Invoking: ARM v7 Print Size'
arm-none-eabi-size ps_uart_test.elf  |tee "ps_uart_test.elf.size"
   text	   data	    bss	    dec	    hex	filename
  32588	   3812	  22744	  59144	   e708	ps_uart_test.elf
'Finished building: ps_uart_test.elf.size'
' '
17:52:33 **** Auto Build of configuration Debug for project ps_uart_test ****
make pre-build main-build 
a9-linaro-pre-build-step
' '
'Building file: ../src/helloworld.c'
'Invoking: ARM v7 gcc compiler'
arm-none-eabi-gcc -Wall -O0 -g3 -c -fmessage-length=0 -MT"src/helloworld.o" -mcpu=cortex-a9 -mfpu=vfpv3 -mfloat-abi=hard -I../../ps_uart_test_bsp/ps7_cortexa9_0/include -MMD -MP -MF"src/helloworld.d" -MT"src/helloworld.o" -o "src/helloworld.o" "../src/helloworld.c"
../src/helloworld.c: In function 'main':
../src/helloworld.c:96:16: warning: implicit declaration of function 'malloc' [-Wimplicit-function-declaration]
  Recbuf = (u8*)malloc(2000) ;
                ^~~~~~
../src/helloworld.c:96:16: warning: incompatible implicit declaration of built-in function 'malloc'
../src/helloworld.c:96:16: note: include '<stdlib.h>' or provide a declaration of 'malloc'
'Finished building: ../src/helloworld.c'
' '
'Building target: ps_uart_test.elf'
'Invoking: ARM v7 gcc linker'
arm-none-eabi-gcc -mcpu=cortex-a9 -mfpu=vfpv3 -mfloat-abi=hard -Wl,-build-id=none -specs=Xilinx.spec -Wl,-T -Wl,../src/lscript.ld -L../../ps_uart_test_bsp/ps7_cortexa9_0/lib -o "ps_uart_test.elf"  ./src/helloworld.o ./src/platform.o   -Wl,--start-group,-lxil,-lgcc,-lc,--end-group
'Finished building target: ps_uart_test.elf'
' '
'Invoking: ARM v7 Print Size'
arm-none-eabi-size ps_uart_test.elf  |tee "ps_uart_test.elf.size"
   text	   data	    bss	    dec	    hex	filename
  32588	   3812	  22744	  59144	   e708	ps_uart_test.elf
'Finished building: ps_uart_test.elf.size'
' '
17:52:38 **** Incremental Build of configuration Debug for project ps_uart_test ****
make pre-build main-build 
a9-linaro-pre-build-step
' '
make: Nothing to be done for `main-build'.
17:53:08 **** Auto Build of configuration Debug for project ps_uart_test ****
make pre-build main-build 
a9-linaro-pre-build-step
' '
'Building file: ../src/helloworld.c'
'Invoking: ARM v7 gcc compiler'
arm-none-eabi-gcc -Wall -O0 -g3 -c -fmessage-length=0 -MT"src/helloworld.o" -mcpu=cortex-a9 -mfpu=vfpv3 -mfloat-abi=hard -I../../ps_uart_test_bsp/ps7_cortexa9_0/include -MMD -MP -MF"src/helloworld.d" -MT"src/helloworld.o" -o "src/helloworld.o" "../src/helloworld.c"
../src/helloworld.c: In function 'main':
../src/helloworld.c:96:16: warning: implicit declaration of function 'malloc' [-Wimplicit-function-declaration]
  Recbuf = (u8*)malloc(2000) ;
                ^~~~~~
../src/helloworld.c:96:16: warning: incompatible implicit declaration of built-in function 'malloc'
../src/helloworld.c:96:16: note: include '<stdlib.h>' or provide a declaration of 'malloc'
'Finished building: ../src/helloworld.c'
' '
'Building target: ps_uart_test.elf'
'Invoking: ARM v7 gcc linker'
arm-none-eabi-gcc -mcpu=cortex-a9 -mfpu=vfpv3 -mfloat-abi=hard -Wl,-build-id=none -specs=Xilinx.spec -Wl,-T -Wl,../src/lscript.ld -L../../ps_uart_test_bsp/ps7_cortexa9_0/lib -o "ps_uart_test.elf"  ./src/helloworld.o ./src/platform.o   -Wl,--start-group,-lxil,-lgcc,-lc,--end-group
'Finished building target: ps_uart_test.elf'
' '
'Invoking: ARM v7 Print Size'
arm-none-eabi-size ps_uart_test.elf  |tee "ps_uart_test.elf.size"
   text	   data	    bss	    dec	    hex	filename
  32588	   3812	  22744	  59144	   e708	ps_uart_test.elf
'Finished building: ps_uart_test.elf.size'
' '
17:53:35 **** Auto Build of configuration Debug for project ps_uart_test ****
make pre-build main-build 
a9-linaro-pre-build-step
' '
'Building file: ../src/helloworld.c'
'Invoking: ARM v7 gcc compiler'
arm-none-eabi-gcc -Wall -O0 -g3 -c -fmessage-length=0 -MT"src/helloworld.o" -mcpu=cortex-a9 -mfpu=vfpv3 -mfloat-abi=hard -I../../ps_uart_test_bsp/ps7_cortexa9_0/include -MMD -MP -MF"src/helloworld.d" -MT"src/helloworld.o" -o "src/helloworld.o" "../src/helloworld.c"
../src/helloworld.c: In function 'main':
../src/helloworld.c:96:16: warning: implicit declaration of function 'malloc' [-Wimplicit-function-declaration]
  Recbuf = (u8*)malloc(2000) ;
                ^~~~~~
../src/helloworld.c:96:16: warning: incompatible implicit declaration of built-in function 'malloc'
../src/helloworld.c:96:16: note: include '<stdlib.h>' or provide a declaration of 'malloc'
'Finished building: ../src/helloworld.c'
' '
'Building target: ps_uart_test.elf'
'Invoking: ARM v7 gcc linker'
arm-none-eabi-gcc -mcpu=cortex-a9 -mfpu=vfpv3 -mfloat-abi=hard -Wl,-build-id=none -specs=Xilinx.spec -Wl,-T -Wl,../src/lscript.ld -L../../ps_uart_test_bsp/ps7_cortexa9_0/lib -o "ps_uart_test.elf"  ./src/helloworld.o ./src/platform.o   -Wl,--start-group,-lxil,-lgcc,-lc,--end-group
'Finished building target: ps_uart_test.elf'
' '
'Invoking: ARM v7 Print Size'
arm-none-eabi-size ps_uart_test.elf  |tee "ps_uart_test.elf.size"
   text	   data	    bss	    dec	    hex	filename
  32588	   3812	  22744	  59144	   e708	ps_uart_test.elf
'Finished building: ps_uart_test.elf.size'
' '
17:53:53 **** Auto Build of configuration Debug for project ps_uart_test ****
make pre-build main-build 
a9-linaro-pre-build-step
' '
'Building file: ../src/helloworld.c'
'Invoking: ARM v7 gcc compiler'
arm-none-eabi-gcc -Wall -O0 -g3 -c -fmessage-length=0 -MT"src/helloworld.o" -mcpu=cortex-a9 -mfpu=vfpv3 -mfloat-abi=hard -I../../ps_uart_test_bsp/ps7_cortexa9_0/include -MMD -MP -MF"src/helloworld.d" -MT"src/helloworld.o" -o "src/helloworld.o" "../src/helloworld.c"
../src/helloworld.c: In function 'main':
../src/helloworld.c:96:16: warning: implicit declaration of function 'malloc' [-Wimplicit-function-declaration]
  Recbuf = (u8*)malloc(2000) ;
                ^~~~~~
../src/helloworld.c:96:16: warning: incompatible implicit declaration of built-in function 'malloc'
../src/helloworld.c:96:16: note: include '<stdlib.h>' or provide a declaration of 'malloc'
'Finished building: ../src/helloworld.c'
' '
'Building target: ps_uart_test.elf'
'Invoking: ARM v7 gcc linker'
arm-none-eabi-gcc -mcpu=cortex-a9 -mfpu=vfpv3 -mfloat-abi=hard -Wl,-build-id=none -specs=Xilinx.spec -Wl,-T -Wl,../src/lscript.ld -L../../ps_uart_test_bsp/ps7_cortexa9_0/lib -o "ps_uart_test.elf"  ./src/helloworld.o ./src/platform.o   -Wl,--start-group,-lxil,-lgcc,-lc,--end-group
'Finished building target: ps_uart_test.elf'
' '
'Invoking: ARM v7 Print Size'
arm-none-eabi-size ps_uart_test.elf  |tee "ps_uart_test.elf.size"
   text	   data	    bss	    dec	    hex	filename
  32588	   3812	  22744	  59144	   e708	ps_uart_test.elf
'Finished building: ps_uart_test.elf.size'
' '
17:57:38 **** Auto Build of configuration Debug for project ps_uart_test ****
make pre-build main-build 
a9-linaro-pre-build-step
' '
make: Nothing to be done for `main-build'.
17:58:01 **** Auto Build of configuration Debug for project ps_uart_test ****
make pre-build main-build 
a9-linaro-pre-build-step
' '
make: Nothing to be done for `main-build'.
17:58:11 **** Auto Build of configuration Debug for project ps_uart_test ****
make pre-build main-build 
a9-linaro-pre-build-step
' '
'Building file: ../src/helloworld.c'
'Invoking: ARM v7 gcc compiler'
arm-none-eabi-gcc -Wall -O0 -g3 -c -fmessage-length=0 -MT"src/helloworld.o" -mcpu=cortex-a9 -mfpu=vfpv3 -mfloat-abi=hard -I../../ps_uart_test_bsp/ps7_cortexa9_0/include -MMD -MP -MF"src/helloworld.d" -MT"src/helloworld.o" -o "src/helloworld.o" "../src/helloworld.c"
../src/helloworld.c: In function 'main':
../src/helloworld.c:90:16: warning: implicit declaration of function 'malloc' [-Wimplicit-function-declaration]
  Recbuf = (u8*)malloc(2000) ;
                ^~~~~~
../src/helloworld.c:90:16: warning: incompatible implicit declaration of built-in function 'malloc'
../src/helloworld.c:90:16: note: include '<stdlib.h>' or provide a declaration of 'malloc'
../src/helloworld.c:110:35: error: 'UartFormat' undeclared (first use in this function)
  XUartPs_SetDataFormat(&Uart_PS, &UartFormat) ;
                                   ^~~~~~~~~~
../src/helloworld.c:110:35: note: each undeclared identifier is reported only once for each function it appears in
make: *** [src/helloworld.o] ´íÎó 1
17:58:26 **** Auto Build of configuration Debug for project ps_uart_test ****
make pre-build main-build 
a9-linaro-pre-build-step
' '
'Building file: ../src/helloworld.c'
'Invoking: ARM v7 gcc compiler'
arm-none-eabi-gcc -Wall -O0 -g3 -c -fmessage-length=0 -MT"src/helloworld.o" -mcpu=cortex-a9 -mfpu=vfpv3 -mfloat-abi=hard -I../../ps_uart_test_bsp/ps7_cortexa9_0/include -MMD -MP -MF"src/helloworld.d" -MT"src/helloworld.o" -o "src/helloworld.o" "../src/helloworld.c"
../src/helloworld.c: In function 'main':
../src/helloworld.c:90:16: warning: implicit declaration of function 'malloc' [-Wimplicit-function-declaration]
  Recbuf = (u8*)malloc(2000) ;
                ^~~~~~
../src/helloworld.c:90:16: warning: incompatible implicit declaration of built-in function 'malloc'
../src/helloworld.c:90:16: note: include '<stdlib.h>' or provide a declaration of 'malloc'
../src/helloworld.c:110:35: error: 'UartFormat' undeclared (first use in this function)
  XUartPs_SetDataFormat(&Uart_PS, &UartFormat) ;
                                   ^~~~~~~~~~
../src/helloworld.c:110:35: note: each undeclared identifier is reported only once for each function it appears in
make: *** [src/helloworld.o] ´íÎó 1
17:58:33 **** Auto Build of configuration Debug for project ps_uart_test ****
make pre-build main-build 
a9-linaro-pre-build-step
' '
'Building file: ../src/helloworld.c'
'Invoking: ARM v7 gcc compiler'
arm-none-eabi-gcc -Wall -O0 -g3 -c -fmessage-length=0 -MT"src/helloworld.o" -mcpu=cortex-a9 -mfpu=vfpv3 -mfloat-abi=hard -I../../ps_uart_test_bsp/ps7_cortexa9_0/include -MMD -MP -MF"src/helloworld.d" -MT"src/helloworld.o" -o "src/helloworld.o" "../src/helloworld.c"
../src/helloworld.c: In function 'main':
../src/helloworld.c:90:16: warning: implicit declaration of function 'malloc' [-Wimplicit-function-declaration]
  Recbuf = (u8*)malloc(2000) ;
                ^~~~~~
../src/helloworld.c:90:16: warning: incompatible implicit declaration of built-in function 'malloc'
../src/helloworld.c:90:16: note: include '<stdlib.h>' or provide a declaration of 'malloc'
../src/helloworld.c:110:35: error: 'UartFormat' undeclared (first use in this function)
  XUartPs_SetDataFormat(&Uart_PS, &UartFormat) ;
                                   ^~~~~~~~~~
../src/helloworld.c:110:35: note: each undeclared identifier is reported only once for each function it appears in
make: *** [src/helloworld.o] ´íÎó 1
17:58:58 **** Auto Build of configuration Debug for project ps_uart_test ****
make pre-build main-build 
a9-linaro-pre-build-step
' '
'Building file: ../src/helloworld.c'
'Invoking: ARM v7 gcc compiler'
arm-none-eabi-gcc -Wall -O0 -g3 -c -fmessage-length=0 -MT"src/helloworld.o" -mcpu=cortex-a9 -mfpu=vfpv3 -mfloat-abi=hard -I../../ps_uart_test_bsp/ps7_cortexa9_0/include -MMD -MP -MF"src/helloworld.d" -MT"src/helloworld.o" -o "src/helloworld.o" "../src/helloworld.c"
In file included from ../src/helloworld.c:41:0:
../src/uart_parameter.h:13:4: error: redefinition of 'tx_words'
 u8 tx_words[15] =
    ^~~~~~~~
In file included from ../src/helloworld.c:38:0:
../src/tx_buff.h:11:4: note: previous definition of 'tx_words' was here
 u8 tx_words[15] =
    ^~~~~~~~
../src/helloworld.c: In function 'main':
../src/helloworld.c:90:16: warning: implicit declaration of function 'malloc' [-Wimplicit-function-declaration]
  Recbuf = (u8*)malloc(2000) ;
                ^~~~~~
../src/helloworld.c:90:16: warning: incompatible implicit declaration of built-in function 'malloc'
../src/helloworld.c:90:16: note: include '<stdlib.h>' or provide a declaration of 'malloc'
make: *** [src/helloworld.o] ´íÎó 1
17:59:29 **** Clean-only build of configuration Debug for project ps_uart_test ****
make clean 
rm -rf  ./src/helloworld.o ./src/platform.o  ./src/helloworld.d ./src/platform.d  ps_uart_test.elf.size  ps_uart_test.elf
' '
17:59:29 **** Auto Build of configuration Debug for project ps_uart_test ****
make pre-build main-build 
a9-linaro-pre-build-step
' '
'Building file: ../src/helloworld.c'
'Invoking: ARM v7 gcc compiler'
arm-none-eabi-gcc -Wall -O0 -g3 -c -fmessage-length=0 -MT"src/helloworld.o" -mcpu=cortex-a9 -mfpu=vfpv3 -mfloat-abi=hard -I../../ps_uart_test_bsp/ps7_cortexa9_0/include -MMD -MP -MF"src/helloworld.d" -MT"src/helloworld.o" -o "src/helloworld.o" "../src/helloworld.c"
../src/helloworld.c:38:21: fatal error: tx_buff.h: No such file or directory
 #include "tx_buff.h"
                     ^
compilation terminated.
make: *** [src/helloworld.o] ´íÎó 1
17:59:42 **** Auto Build of configuration Debug for project ps_uart_test ****
make pre-build main-build 
a9-linaro-pre-build-step
' '
'Building file: ../src/helloworld.c'
'Invoking: ARM v7 gcc compiler'
arm-none-eabi-gcc -Wall -O0 -g3 -c -fmessage-length=0 -MT"src/helloworld.o" -mcpu=cortex-a9 -mfpu=vfpv3 -mfloat-abi=hard -I../../ps_uart_test_bsp/ps7_cortexa9_0/include -MMD -MP -MF"src/helloworld.d" -MT"src/helloworld.o" -o "src/helloworld.o" "../src/helloworld.c"
../src/helloworld.c: In function 'main':
../src/helloworld.c:89:16: warning: implicit declaration of function 'malloc' [-Wimplicit-function-declaration]
  Recbuf = (u8*)malloc(2000) ;
                ^~~~~~
../src/helloworld.c:89:16: warning: incompatible implicit declaration of built-in function 'malloc'
../src/helloworld.c:89:16: note: include '<stdlib.h>' or provide a declaration of 'malloc'
'Finished building: ../src/helloworld.c'
' '
'Building file: ../src/platform.c'
'Invoking: ARM v7 gcc compiler'
arm-none-eabi-gcc -Wall -O0 -g3 -c -fmessage-length=0 -MT"src/platform.o" -mcpu=cortex-a9 -mfpu=vfpv3 -mfloat-abi=hard -I../../ps_uart_test_bsp/ps7_cortexa9_0/include -MMD -MP -MF"src/platform.d" -MT"src/platform.o" -o "src/platform.o" "../src/platform.c"
'Finished building: ../src/platform.c'
' '
'Building target: ps_uart_test.elf'
'Invoking: ARM v7 gcc linker'
arm-none-eabi-gcc -mcpu=cortex-a9 -mfpu=vfpv3 -mfloat-abi=hard -Wl,-build-id=none -specs=Xilinx.spec -Wl,-T -Wl,../src/lscript.ld -L../../ps_uart_test_bsp/ps7_cortexa9_0/lib -o "ps_uart_test.elf"  ./src/helloworld.o ./src/platform.o   -Wl,--start-group,-lxil,-lgcc,-lc,--end-group
'Finished building target: ps_uart_test.elf'
' '
'Invoking: ARM v7 Print Size'
arm-none-eabi-size ps_uart_test.elf  |tee "ps_uart_test.elf.size"
   text	   data	    bss	    dec	    hex	filename
  32588	   3812	  22744	  59144	   e708	ps_uart_test.elf
'Finished building: ps_uart_test.elf.size'
' '
18:00:04 **** Auto Build of configuration Debug for project ps_uart_test ****
make pre-build main-build 
a9-linaro-pre-build-step
' '
'Building file: ../src/helloworld.c'
'Invoking: ARM v7 gcc compiler'
arm-none-eabi-gcc -Wall -O0 -g3 -c -fmessage-length=0 -MT"src/helloworld.o" -mcpu=cortex-a9 -mfpu=vfpv3 -mfloat-abi=hard -I../../ps_uart_test_bsp/ps7_cortexa9_0/include -MMD -MP -MF"src/helloworld.d" -MT"src/helloworld.o" -o "src/helloworld.o" "../src/helloworld.c"
../src/helloworld.c: In function 'main':
../src/helloworld.c:88:16: warning: implicit declaration of function 'malloc' [-Wimplicit-function-declaration]
  Recbuf = (u8*)malloc(2000) ;
                ^~~~~~
../src/helloworld.c:88:16: warning: incompatible implicit declaration of built-in function 'malloc'
../src/helloworld.c:88:16: note: include '<stdlib.h>' or provide a declaration of 'malloc'
'Finished building: ../src/helloworld.c'
' '
'Building target: ps_uart_test.elf'
'Invoking: ARM v7 gcc linker'
arm-none-eabi-gcc -mcpu=cortex-a9 -mfpu=vfpv3 -mfloat-abi=hard -Wl,-build-id=none -specs=Xilinx.spec -Wl,-T -Wl,../src/lscript.ld -L../../ps_uart_test_bsp/ps7_cortexa9_0/lib -o "ps_uart_test.elf"  ./src/helloworld.o ./src/platform.o   -Wl,--start-group,-lxil,-lgcc,-lc,--end-group
'Finished building target: ps_uart_test.elf'
' '
'Invoking: ARM v7 Print Size'
arm-none-eabi-size ps_uart_test.elf  |tee "ps_uart_test.elf.size"
   text	   data	    bss	    dec	    hex	filename
  32588	   3812	  22744	  59144	   e708	ps_uart_test.elf
'Finished building: ps_uart_test.elf.size'
' '
18:00:40 **** Incremental Build of configuration Debug for project ps_uart_test ****
make pre-build main-build 
a9-linaro-pre-build-step
' '
make: Nothing to be done for `main-build'.
18:07:59 **** Auto Build of configuration Debug for project ps_uart_test ****
make pre-build main-build 
a9-linaro-pre-build-step
' '
'Building file: ../src/helloworld.c'
'Invoking: ARM v7 gcc compiler'
arm-none-eabi-gcc -Wall -O0 -g3 -c -fmessage-length=0 -MT"src/helloworld.o" -mcpu=cortex-a9 -mfpu=vfpv3 -mfloat-abi=hard -I../../ps_uart_test_bsp/ps7_cortexa9_0/include -MMD -MP -MF"src/helloworld.d" -MT"src/helloworld.o" -o "src/helloworld.o" "../src/helloworld.c"
../src/helloworld.c: In function 'main':
../src/helloworld.c:88:16: warning: implicit declaration of function 'malloc' [-Wimplicit-function-declaration]
  Recbuf = (u8*)malloc(2000) ;
                ^~~~~~
../src/helloworld.c:88:16: warning: incompatible implicit declaration of built-in function 'malloc'
../src/helloworld.c:88:16: note: include '<stdlib.h>' or provide a declaration of 'malloc'
../src/helloworld.c:119:15: error: 'TX_String' undeclared (first use in this function)
     Sendbuf = TX_String ;
               ^~~~~~~~~
../src/helloworld.c:119:15: note: each undeclared identifier is reported only once for each function it appears in
make: *** [src/helloworld.o] ´íÎó 1
18:08:08 **** Auto Build of configuration Debug for project ps_uart_test ****
make pre-build main-build 
a9-linaro-pre-build-step
' '
'Building file: ../src/helloworld.c'
'Invoking: ARM v7 gcc compiler'
arm-none-eabi-gcc -Wall -O0 -g3 -c -fmessage-length=0 -MT"src/helloworld.o" -mcpu=cortex-a9 -mfpu=vfpv3 -mfloat-abi=hard -I../../ps_uart_test_bsp/ps7_cortexa9_0/include -MMD -MP -MF"src/helloworld.d" -MT"src/helloworld.o" -o "src/helloworld.o" "../src/helloworld.c"
../src/helloworld.c: In function 'main':
../src/helloworld.c:88:16: warning: implicit declaration of function 'malloc' [-Wimplicit-function-declaration]
  Recbuf = (u8*)malloc(2000) ;
                ^~~~~~
../src/helloworld.c:88:16: warning: incompatible implicit declaration of built-in function 'malloc'
../src/helloworld.c:88:16: note: include '<stdlib.h>' or provide a declaration of 'malloc'
'Finished building: ../src/helloworld.c'
' '
'Building target: ps_uart_test.elf'
'Invoking: ARM v7 gcc linker'
arm-none-eabi-gcc -mcpu=cortex-a9 -mfpu=vfpv3 -mfloat-abi=hard -Wl,-build-id=none -specs=Xilinx.spec -Wl,-T -Wl,../src/lscript.ld -L../../ps_uart_test_bsp/ps7_cortexa9_0/lib -o "ps_uart_test.elf"  ./src/helloworld.o ./src/platform.o   -Wl,--start-group,-lxil,-lgcc,-lc,--end-group
'Finished building target: ps_uart_test.elf'
' '
'Invoking: ARM v7 Print Size'
arm-none-eabi-size ps_uart_test.elf  |tee "ps_uart_test.elf.size"
   text	   data	    bss	    dec	    hex	filename
  32588	   3812	  22744	  59144	   e708	ps_uart_test.elf
'Finished building: ps_uart_test.elf.size'
' '
19:27:24 **** Auto Build of configuration Debug for project ps_uart_test ****
make pre-build main-build 
a9-linaro-pre-build-step
' '
'Building file: ../src/helloworld.c'
'Invoking: ARM v7 gcc compiler'
arm-none-eabi-gcc -Wall -O0 -g3 -c -fmessage-length=0 -MT"src/helloworld.o" -mcpu=cortex-a9 -mfpu=vfpv3 -mfloat-abi=hard -I../../ps_uart_test_bsp/ps7_cortexa9_0/include -MMD -MP -MF"src/helloworld.d" -MT"src/helloworld.o" -o "src/helloworld.o" "../src/helloworld.c"
../src/helloworld.c: In function 'main':
../src/helloworld.c:88:16: warning: implicit declaration of function 'malloc' [-Wimplicit-function-declaration]
  Recbuf = (u8*)malloc(2000) ;
                ^~~~~~
../src/helloworld.c:88:16: warning: incompatible implicit declaration of built-in function 'malloc'
../src/helloworld.c:88:16: note: include '<stdlib.h>' or provide a declaration of 'malloc'
'Finished building: ../src/helloworld.c'
' '
'Building target: ps_uart_test.elf'
'Invoking: ARM v7 gcc linker'
arm-none-eabi-gcc -mcpu=cortex-a9 -mfpu=vfpv3 -mfloat-abi=hard -Wl,-build-id=none -specs=Xilinx.spec -Wl,-T -Wl,../src/lscript.ld -L../../ps_uart_test_bsp/ps7_cortexa9_0/lib -o "ps_uart_test.elf"  ./src/helloworld.o ./src/platform.o   -Wl,--start-group,-lxil,-lgcc,-lc,--end-group
'Finished building target: ps_uart_test.elf'
' '
'Invoking: ARM v7 Print Size'
arm-none-eabi-size ps_uart_test.elf  |tee "ps_uart_test.elf.size"
   text	   data	    bss	    dec	    hex	filename
  32592	   3812	  22744	  59148	   e70c	ps_uart_test.elf
'Finished building: ps_uart_test.elf.size'
' '
19:27:34 **** Incremental Build of configuration Debug for project ps_uart_test ****
make pre-build main-build 
a9-linaro-pre-build-step
' '
make: Nothing to be done for `main-build'.
19:27:47 **** Incremental Build of configuration Debug for project ps_uart_test ****
make pre-build main-build 
a9-linaro-pre-build-step
' '
make: Nothing to be done for `main-build'.
19:32:03 **** Auto Build of configuration Debug for project ps_uart_test ****
make pre-build main-build 
a9-linaro-pre-build-step
' '
'Building file: ../src/helloworld.c'
'Invoking: ARM v7 gcc compiler'
arm-none-eabi-gcc -Wall -O0 -g3 -c -fmessage-length=0 -MT"src/helloworld.o" -mcpu=cortex-a9 -mfpu=vfpv3 -mfloat-abi=hard -I../../ps_uart_test_bsp/ps7_cortexa9_0/include -MMD -MP -MF"src/helloworld.d" -MT"src/helloworld.o" -o "src/helloworld.o" "../src/helloworld.c"
../src/helloworld.c: In function 'main':
../src/helloworld.c:88:16: warning: implicit declaration of function 'malloc' [-Wimplicit-function-declaration]
  Recbuf = (u8*)malloc(2000) ;
                ^~~~~~
../src/helloworld.c:88:16: warning: incompatible implicit declaration of built-in function 'malloc'
../src/helloworld.c:88:16: note: include '<stdlib.h>' or provide a declaration of 'malloc'
'Finished building: ../src/helloworld.c'
' '
'Building target: ps_uart_test.elf'
'Invoking: ARM v7 gcc linker'
arm-none-eabi-gcc -mcpu=cortex-a9 -mfpu=vfpv3 -mfloat-abi=hard -Wl,-build-id=none -specs=Xilinx.spec -Wl,-T -Wl,../src/lscript.ld -L../../ps_uart_test_bsp/ps7_cortexa9_0/lib -o "ps_uart_test.elf"  ./src/helloworld.o ./src/platform.o   -Wl,--start-group,-lxil,-lgcc,-lc,--end-group
'Finished building target: ps_uart_test.elf'
' '
'Invoking: ARM v7 Print Size'
arm-none-eabi-size ps_uart_test.elf  |tee "ps_uart_test.elf.size"
   text	   data	    bss	    dec	    hex	filename
  32592	   3812	  22744	  59148	   e70c	ps_uart_test.elf
'Finished building: ps_uart_test.elf.size'
' '
19:32:06 **** Incremental Build of configuration Debug for project ps_uart_test ****
make pre-build main-build 
a9-linaro-pre-build-step
' '
make: Nothing to be done for `main-build'.
19:34:11 **** Auto Build of configuration Debug for project ps_uart_test ****
make pre-build main-build 
a9-linaro-pre-build-step
' '
'Building file: ../src/helloworld.c'
'Invoking: ARM v7 gcc compiler'
arm-none-eabi-gcc -Wall -O0 -g3 -c -fmessage-length=0 -MT"src/helloworld.o" -mcpu=cortex-a9 -mfpu=vfpv3 -mfloat-abi=hard -I../../ps_uart_test_bsp/ps7_cortexa9_0/include -MMD -MP -MF"src/helloworld.d" -MT"src/helloworld.o" -o "src/helloworld.o" "../src/helloworld.c"
../src/helloworld.c: In function 'main':
../src/helloworld.c:88:16: warning: implicit declaration of function 'malloc' [-Wimplicit-function-declaration]
  Recbuf = (u8*)malloc(2000) ;
                ^~~~~~
../src/helloworld.c:88:16: warning: incompatible implicit declaration of built-in function 'malloc'
../src/helloworld.c:88:16: note: include '<stdlib.h>' or provide a declaration of 'malloc'
'Finished building: ../src/helloworld.c'
' '
'Building target: ps_uart_test.elf'
'Invoking: ARM v7 gcc linker'
arm-none-eabi-gcc -mcpu=cortex-a9 -mfpu=vfpv3 -mfloat-abi=hard -Wl,-build-id=none -specs=Xilinx.spec -Wl,-T -Wl,../src/lscript.ld -L../../ps_uart_test_bsp/ps7_cortexa9_0/lib -o "ps_uart_test.elf"  ./src/helloworld.o ./src/platform.o   -Wl,--start-group,-lxil,-lgcc,-lc,--end-group
'Finished building target: ps_uart_test.elf'
' '
'Invoking: ARM v7 Print Size'
arm-none-eabi-size ps_uart_test.elf  |tee "ps_uart_test.elf.size"
   text	   data	    bss	    dec	    hex	filename
  32592	   3812	  22744	  59148	   e70c	ps_uart_test.elf
'Finished building: ps_uart_test.elf.size'
' '
19:34:14 **** Incremental Build of configuration Debug for project ps_uart_test ****
make pre-build main-build 
a9-linaro-pre-build-step
' '
make: Nothing to be done for `main-build'.
15:44:21 **** Build of project xadc_intr_bsp ****
make -k all 
"Running Make include in ps7_cortexa9_0/libsrc/coresightps_dcc_v1_4/src"
make -C ps7_cortexa9_0/libsrc/coresightps_dcc_v1_4/src -s include  "SHELL=CMD" "COMPILER=arm-none-eabi-gcc" "ARCHIVER=arm-none-eabi-ar" "COMPILER_FLAGS=  -O2 -c" "EXTRA_COMPILER_FLAGS=-mcpu=cortex-a9 -mfpu=vfpv3 -mfloat-abi=hard -nostartfiles -Wall -Wextra"
"Running Make include in ps7_cortexa9_0/libsrc/cpu_cortexa9_v2_5/src"
make -C ps7_cortexa9_0/libsrc/cpu_cortexa9_v2_5/src -s include  "SHELL=CMD" "COMPILER=arm-none-eabi-gcc" "ARCHIVER=arm-none-eabi-ar" "COMPILER_FLAGS=  -O2 -c" "EXTRA_COMPILER_FLAGS=-mcpu=cortex-a9 -mfpu=vfpv3 -mfloat-abi=hard -nostartfiles -Wall -Wextra"
"Running Make include in ps7_cortexa9_0/libsrc/ddrps_v1_0/src"
make -C ps7_cortexa9_0/libsrc/ddrps_v1_0/src -s include  "SHELL=CMD" "COMPILER=arm-none-eabi-gcc" "ARCHIVER=arm-none-eabi-ar" "COMPILER_FLAGS=  -O2 -c" "EXTRA_COMPILER_FLAGS=-mcpu=cortex-a9 -mfpu=vfpv3 -mfloat-abi=hard -nostartfiles -Wall -Wextra"
"Running Make include in ps7_cortexa9_0/libsrc/devcfg_v3_5/src"
make -C ps7_cortexa9_0/libsrc/devcfg_v3_5/src -s include  "SHELL=CMD" "COMPILER=arm-none-eabi-gcc" "ARCHIVER=arm-none-eabi-ar" "COMPILER_FLAGS=  -O2 -c" "EXTRA_COMPILER_FLAGS=-mcpu=cortex-a9 -mfpu=vfpv3 -mfloat-abi=hard -nostartfiles -Wall -Wextra"
"Running Make include in ps7_cortexa9_0/libsrc/dmaps_v2_3/src"
make -C ps7_cortexa9_0/libsrc/dmaps_v2_3/src -s include  "SHELL=CMD" "COMPILER=arm-none-eabi-gcc" "ARCHIVER=arm-none-eabi-ar" "COMPILER_FLAGS=  -O2 -c" "EXTRA_COMPILER_FLAGS=-mcpu=cortex-a9 -mfpu=vfpv3 -mfloat-abi=hard -nostartfiles -Wall -Wextra"
"Running Make include in ps7_cortexa9_0/libsrc/gpiops_v3_3/src"
make -C ps7_cortexa9_0/libsrc/gpiops_v3_3/src -s include  "SHELL=CMD" "COMPILER=arm-none-eabi-gcc" "ARCHIVER=arm-none-eabi-ar" "COMPILER_FLAGS=  -O2 -c" "EXTRA_COMPILER_FLAGS=-mcpu=cortex-a9 -mfpu=vfpv3 -mfloat-abi=hard -nostartfiles -Wall -Wextra"
"Running Make include in ps7_cortexa9_0/libsrc/scugic_v3_8/src"
make -C ps7_cortexa9_0/libsrc/scugic_v3_8/src -s include  "SHELL=CMD" "COMPILER=arm-none-eabi-gcc" "ARCHIVER=arm-none-eabi-ar" "COMPILER_FLAGS=  -O2 -c" "EXTRA_COMPILER_FLAGS=-mcpu=cortex-a9 -mfpu=vfpv3 -mfloat-abi=hard -nostartfiles -Wall -Wextra"
"Running Make include in ps7_cortexa9_0/libsrc/scutimer_v2_1/src"
make -C ps7_cortexa9_0/libsrc/scutimer_v2_1/src -s include  "SHELL=CMD" "COMPILER=arm-none-eabi-gcc" "ARCHIVER=arm-none-eabi-ar" "COMPILER_FLAGS=  -O2 -c" "EXTRA_COMPILER_FLAGS=-mcpu=cortex-a9 -mfpu=vfpv3 -mfloat-abi=hard -nostartfiles -Wall -Wextra"
"Running Make include in ps7_cortexa9_0/libsrc/scuwdt_v2_1/src"
make -C ps7_cortexa9_0/libsrc/scuwdt_v2_1/src -s include  "SHELL=CMD" "COMPILER=arm-none-eabi-gcc" "ARCHIVER=arm-none-eabi-ar" "COMPILER_FLAGS=  -O2 -c" "EXTRA_COMPILER_FLAGS=-mcpu=cortex-a9 -mfpu=vfpv3 -mfloat-abi=hard -nostartfiles -Wall -Wextra"
"Running Make include in ps7_cortexa9_0/libsrc/standalone_v6_5/src"
make -C ps7_cortexa9_0/libsrc/standalone_v6_5/src -s include  "SHELL=CMD" "COMPILER=arm-none-eabi-gcc" "ARCHIVER=arm-none-eabi-ar" "COMPILER_FLAGS=  -O2 -c" "EXTRA_COMPILER_FLAGS=-mcpu=cortex-a9 -mfpu=vfpv3 -mfloat-abi=hard -nostartfiles -Wall -Wextra"
"Running Make include in ps7_cortexa9_0/libsrc/uartps_v3_5/src"
make -C ps7_cortexa9_0/libsrc/uartps_v3_5/src -s include  "SHELL=CMD" "COMPILER=arm-none-eabi-gcc" "ARCHIVER=arm-none-eabi-ar" "COMPILER_FLAGS=  -O2 -c" "EXTRA_COMPILER_FLAGS=-mcpu=cortex-a9 -mfpu=vfpv3 -mfloat-abi=hard -nostartfiles -Wall -Wextra"
"Running Make include in ps7_cortexa9_0/libsrc/xadcps_v2_2/src"
make -C ps7_cortexa9_0/libsrc/xadcps_v2_2/src -s include  "SHELL=CMD" "COMPILER=arm-none-eabi-gcc" "ARCHIVER=arm-none-eabi-ar" "COMPILER_FLAGS=  -O2 -c" "EXTRA_COMPILER_FLAGS=-mcpu=cortex-a9 -mfpu=vfpv3 -mfloat-abi=hard -nostartfiles -Wall -Wextra"
"Running Make libs in ps7_cortexa9_0/libsrc/coresightps_dcc_v1_4/src"
make -C ps7_cortexa9_0/libsrc/coresightps_dcc_v1_4/src -s libs  "SHELL=CMD" "COMPILER=arm-none-eabi-gcc" "ARCHIVER=arm-none-eabi-ar" "COMPILER_FLAGS=  -O2 -c" "EXTRA_COMPILER_FLAGS=-mcpu=cortex-a9 -mfpu=vfpv3 -mfloat-abi=hard -nostartfiles -Wall -Wextra"
"Compiling coresightps_dcc"
arm-none-eabi-ar: creating ../../../lib/libxil.a
"Running Make libs in ps7_cortexa9_0/libsrc/cpu_cortexa9_v2_5/src"
make -C ps7_cortexa9_0/libsrc/cpu_cortexa9_v2_5/src -s libs  "SHELL=CMD" "COMPILER=arm-none-eabi-gcc" "ARCHIVER=arm-none-eabi-ar" "COMPILER_FLAGS=  -O2 -c" "EXTRA_COMPILER_FLAGS=-mcpu=cortex-a9 -mfpu=vfpv3 -mfloat-abi=hard -nostartfiles -Wall -Wextra"
"Compiling cpu_cortexa9"
"Running Make libs in ps7_cortexa9_0/libsrc/ddrps_v1_0/src"
make -C ps7_cortexa9_0/libsrc/ddrps_v1_0/src -s libs  "SHELL=CMD" "COMPILER=arm-none-eabi-gcc" "ARCHIVER=arm-none-eabi-ar" "COMPILER_FLAGS=  -O2 -c" "EXTRA_COMPILER_FLAGS=-mcpu=cortex-a9 -mfpu=vfpv3 -mfloat-abi=hard -nostartfiles -Wall -Wextra"
"Compiling ddrps"
"Running Make libs in ps7_cortexa9_0/libsrc/devcfg_v3_5/src"
make -C ps7_cortexa9_0/libsrc/devcfg_v3_5/src -s libs  "SHELL=CMD" "COMPILER=arm-none-eabi-gcc" "ARCHIVER=arm-none-eabi-ar" "COMPILER_FLAGS=  -O2 -c" "EXTRA_COMPILER_FLAGS=-mcpu=cortex-a9 -mfpu=vfpv3 -mfloat-abi=hard -nostartfiles -Wall -Wextra"
"Compiling devcfg"
"Running Make libs in ps7_cortexa9_0/libsrc/dmaps_v2_3/src"
make -C ps7_cortexa9_0/libsrc/dmaps_v2_3/src -s libs  "SHELL=CMD" "COMPILER=arm-none-eabi-gcc" "ARCHIVER=arm-none-eabi-ar" "COMPILER_FLAGS=  -O2 -c" "EXTRA_COMPILER_FLAGS=-mcpu=cortex-a9 -mfpu=vfpv3 -mfloat-abi=hard -nostartfiles -Wall -Wextra"
"Compiling dmaps"
"Running Make libs in ps7_cortexa9_0/libsrc/gpiops_v3_3/src"
make -C ps7_cortexa9_0/libsrc/gpiops_v3_3/src -s libs  "SHELL=CMD" "COMPILER=arm-none-eabi-gcc" "ARCHIVER=arm-none-eabi-ar" "COMPILER_FLAGS=  -O2 -c" "EXTRA_COMPILER_FLAGS=-mcpu=cortex-a9 -mfpu=vfpv3 -mfloat-abi=hard -nostartfiles -Wall -Wextra"
"Compiling gpiops"
"Running Make libs in ps7_cortexa9_0/libsrc/scugic_v3_8/src"
make -C ps7_cortexa9_0/libsrc/scugic_v3_8/src -s libs  "SHELL=CMD" "COMPILER=arm-none-eabi-gcc" "ARCHIVER=arm-none-eabi-ar" "COMPILER_FLAGS=  -O2 -c" "EXTRA_COMPILER_FLAGS=-mcpu=cortex-a9 -mfpu=vfpv3 -mfloat-abi=hard -nostartfiles -Wall -Wextra"
"Compiling scugic"
"Running Make libs in ps7_cortexa9_0/libsrc/scutimer_v2_1/src"
make -C ps7_cortexa9_0/libsrc/scutimer_v2_1/src -s libs  "SHELL=CMD" "COMPILER=arm-none-eabi-gcc" "ARCHIVER=arm-none-eabi-ar" "COMPILER_FLAGS=  -O2 -c" "EXTRA_COMPILER_FLAGS=-mcpu=cortex-a9 -mfpu=vfpv3 -mfloat-abi=hard -nostartfiles -Wall -Wextra"
"Compiling scutimer"
"Running Make libs in ps7_cortexa9_0/libsrc/scuwdt_v2_1/src"
make -C ps7_cortexa9_0/libsrc/scuwdt_v2_1/src -s libs  "SHELL=CMD" "COMPILER=arm-none-eabi-gcc" "ARCHIVER=arm-none-eabi-ar" "COMPILER_FLAGS=  -O2 -c" "EXTRA_COMPILER_FLAGS=-mcpu=cortex-a9 -mfpu=vfpv3 -mfloat-abi=hard -nostartfiles -Wall -Wextra"
"Compiling scuwdt"
"Running Make libs in ps7_cortexa9_0/libsrc/standalone_v6_5/src"
make -C ps7_cortexa9_0/libsrc/standalone_v6_5/src -s libs  "SHELL=CMD" "COMPILER=arm-none-eabi-gcc" "ARCHIVER=arm-none-eabi-ar" "COMPILER_FLAGS=  -O2 -c" "EXTRA_COMPILER_FLAGS=-mcpu=cortex-a9 -mfpu=vfpv3 -mfloat-abi=hard -nostartfiles -Wall -Wextra"
"Compiling standalone"
"Running Make libs in ps7_cortexa9_0/libsrc/uartps_v3_5/src"
make -C ps7_cortexa9_0/libsrc/uartps_v3_5/src -s libs  "SHELL=CMD" "COMPILER=arm-none-eabi-gcc" "ARCHIVER=arm-none-eabi-ar" "COMPILER_FLAGS=  -O2 -c" "EXTRA_COMPILER_FLAGS=-mcpu=cortex-a9 -mfpu=vfpv3 -mfloat-abi=hard -nostartfiles -Wall -Wextra"
"Compiling uartps"
"Running Make libs in ps7_cortexa9_0/libsrc/xadcps_v2_2/src"
make -C ps7_cortexa9_0/libsrc/xadcps_v2_2/src -s libs  "SHELL=CMD" "COMPILER=arm-none-eabi-gcc" "ARCHIVER=arm-none-eabi-ar" "COMPILER_FLAGS=  -O2 -c" "EXTRA_COMPILER_FLAGS=-mcpu=cortex-a9 -mfpu=vfpv3 -mfloat-abi=hard -nostartfiles -Wall -Wextra"
"Compiling xadcps"
'Finished building libraries'
15:44:35 **** Build of configuration Debug for project xadc_intr ****
make pre-build main-build 
a9-linaro-pre-build-step
' '
'Building file: ../src/helloworld.c'
'Invoking: ARM v7 gcc compiler'
arm-none-eabi-gcc -Wall -O0 -g3 -c -fmessage-length=0 -MT"src/helloworld.o" -mcpu=cortex-a9 -mfpu=vfpv3 -mfloat-abi=hard -I../../xadc_intr_bsp/ps7_cortexa9_0/include -MMD -MP -MF"src/helloworld.d" -MT"src/helloworld.o" -o "src/helloworld.o" "../src/helloworld.c"
'Finished building: ../src/helloworld.c'
' '
'Building file: ../src/platform.c'
'Invoking: ARM v7 gcc compiler'
arm-none-eabi-gcc -Wall -O0 -g3 -c -fmessage-length=0 -MT"src/platform.o" -mcpu=cortex-a9 -mfpu=vfpv3 -mfloat-abi=hard -I../../xadc_intr_bsp/ps7_cortexa9_0/include -MMD -MP -MF"src/platform.d" -MT"src/platform.o" -o "src/platform.o" "../src/platform.c"
'Finished building: ../src/platform.c'
' '
'Building target: xadc_intr.elf'
'Invoking: ARM v7 gcc linker'
arm-none-eabi-gcc -mcpu=cortex-a9 -mfpu=vfpv3 -mfloat-abi=hard -Wl,-build-id=none -specs=Xilinx.spec -Wl,-T -Wl,../src/lscript.ld -L../../xadc_intr_bsp/ps7_cortexa9_0/lib -o "xadc_intr.elf"  ./src/helloworld.o ./src/platform.o   -Wl,--start-group,-lxil,-lgcc,-lc,--end-group
'Finished building target: xadc_intr.elf'
' '
'Invoking: ARM v7 Print Size'
arm-none-eabi-size xadc_intr.elf  |tee "xadc_intr.elf.size"
   text	   data	    bss	    dec	    hex	filename
  19384	   1148	  22568	  43100	   a85c	xadc_intr.elf
'Finished building: xadc_intr.elf.size'
' '
15:45:03 **** Auto Build of configuration Debug for project xadc_intr ****
make pre-build main-build 
a9-linaro-pre-build-step
' '
'Building file: ../src/helloworld.c'
'Invoking: ARM v7 gcc compiler'
arm-none-eabi-gcc -Wall -O0 -g3 -c -fmessage-length=0 -MT"src/helloworld.o" -mcpu=cortex-a9 -mfpu=vfpv3 -mfloat-abi=hard -I../../xadc_intr_bsp/ps7_cortexa9_0/include -MMD -MP -MF"src/helloworld.d" -MT"src/helloworld.o" -o "src/helloworld.o" "../src/helloworld.c"
../src/helloworld.c: In function 'main':
../src/helloworld.c:90:29: warning: format '%x' expects argument of type 'unsigned int', but argument 2 has type 'u32 {aka long unsigned int}' [-Wformat=]
    printf("Alarm Enable is %x\r\n", XAdcPs_IntrGetStatus(&Temp)) ;
                             ^
../src/helloworld.c:94:29: warning: format '%x' expects argument of type 'unsigned int', but argument 2 has type 'u32 {aka long unsigned int}' [-Wformat=]
    printf("Alarm Enable is %x\r\n", XAdcPs_IntrGetStatus(&Temp)) ;
                             ^
'Finished building: ../src/helloworld.c'
' '
'Building target: xadc_intr.elf'
'Invoking: ARM v7 gcc linker'
arm-none-eabi-gcc -mcpu=cortex-a9 -mfpu=vfpv3 -mfloat-abi=hard -Wl,-build-id=none -specs=Xilinx.spec -Wl,-T -Wl,../src/lscript.ld -L../../xadc_intr_bsp/ps7_cortexa9_0/lib -o "xadc_intr.elf"  ./src/helloworld.o ./src/platform.o   -Wl,--start-group,-lxil,-lgcc,-lc,--end-group
'Finished building target: xadc_intr.elf'
' '
'Invoking: ARM v7 Print Size'
arm-none-eabi-size xadc_intr.elf  |tee "xadc_intr.elf.size"
   text	   data	    bss	    dec	    hex	filename
  84180	   4168	  23376	 111724	  1b46c	xadc_intr.elf
'Finished building: xadc_intr.elf.size'
' '
15:45:17 **** Incremental Build of configuration Debug for project xadc_intr ****
make pre-build main-build 
a9-linaro-pre-build-step
' '
make: Nothing to be done for `main-build'.
15:45:45 **** Incremental Build of configuration Debug for project xadc_intr ****
make pre-build main-build 
a9-linaro-pre-build-step
' '
make: Nothing to be done for `main-build'.
15:45:54 **** Incremental Build of configuration Debug for project xadc_intr ****
make pre-build main-build 
a9-linaro-pre-build-step
' '
make: Nothing to be done for `main-build'.
15:46:10 **** Auto Build of configuration Debug for project xadc_intr ****
make pre-build main-build 
a9-linaro-pre-build-step
' '
'Building file: ../src/helloworld.c'
'Invoking: ARM v7 gcc compiler'
arm-none-eabi-gcc -Wall -O0 -g3 -c -fmessage-length=0 -MT"src/helloworld.o" -mcpu=cortex-a9 -mfpu=vfpv3 -mfloat-abi=hard -I../../xadc_intr_bsp/ps7_cortexa9_0/include -MMD -MP -MF"src/helloworld.d" -MT"src/helloworld.o" -o "src/helloworld.o" "../src/helloworld.c"
../src/helloworld.c: In function 'main':
../src/helloworld.c:90:29: warning: format '%x' expects argument of type 'unsigned int', but argument 2 has type 'u32 {aka long unsigned int}' [-Wformat=]
    printf("Alarm Enable is %x\r\n", XAdcPs_IntrGetStatus(&Temp)) ;
                             ^
../src/helloworld.c:94:29: warning: format '%x' expects argument of type 'unsigned int', but argument 2 has type 'u32 {aka long unsigned int}' [-Wformat=]
    printf("Alarm Enable is %x\r\n", XAdcPs_IntrGetStatus(&Temp)) ;
                             ^
'Finished building: ../src/helloworld.c'
' '
'Building target: xadc_intr.elf'
'Invoking: ARM v7 gcc linker'
arm-none-eabi-gcc -mcpu=cortex-a9 -mfpu=vfpv3 -mfloat-abi=hard -Wl,-build-id=none -specs=Xilinx.spec -Wl,-T -Wl,../src/lscript.ld -L../../xadc_intr_bsp/ps7_cortexa9_0/lib -o "xadc_intr.elf"  ./src/helloworld.o ./src/platform.o   -Wl,--start-group,-lxil,-lgcc,-lc,--end-group
'Finished building target: xadc_intr.elf'
' '
'Invoking: ARM v7 Print Size'
arm-none-eabi-size xadc_intr.elf  |tee "xadc_intr.elf.size"
   text	   data	    bss	    dec	    hex	filename
  84180	   4168	  23376	 111724	  1b46c	xadc_intr.elf
'Finished building: xadc_intr.elf.size'
' '
15:46:12 **** Incremental Build of configuration Debug for project xadc_intr ****
make pre-build main-build 
a9-linaro-pre-build-step
' '
make: Nothing to be done for `main-build'.
15:46:23 **** Incremental Build of configuration Debug for project xadc_intr ****
make pre-build main-build 
a9-linaro-pre-build-step
' '
make: Nothing to be done for `main-build'.
15:47:07 **** Incremental Build of configuration Debug for project xadc_intr ****
make pre-build main-build 
a9-linaro-pre-build-step
' '
make: Nothing to be done for `main-build'.
15:47:34 **** Incremental Build of configuration Debug for project xadc_intr ****
make pre-build main-build 
a9-linaro-pre-build-step
' '
make: Nothing to be done for `main-build'.
15:48:23 **** Auto Build of configuration Debug for project xadc_intr ****
make pre-build main-build 
a9-linaro-pre-build-step
' '
'Building file: ../src/helloworld.c'
'Invoking: ARM v7 gcc compiler'
arm-none-eabi-gcc -Wall -O0 -g3 -c -fmessage-length=0 -MT"src/helloworld.o" -mcpu=cortex-a9 -mfpu=vfpv3 -mfloat-abi=hard -I../../xadc_intr_bsp/ps7_cortexa9_0/include -MMD -MP -MF"src/helloworld.d" -MT"src/helloworld.o" -o "src/helloworld.o" "../src/helloworld.c"
../src/helloworld.c: In function 'main':
../src/helloworld.c:90:29: warning: format '%x' expects argument of type 'unsigned int', but argument 2 has type 'u32 {aka long unsigned int}' [-Wformat=]
    printf("Alarm Enable is %x\r\n", XAdcPs_IntrGetStatus(&Temp)) ;
                             ^
../src/helloworld.c:94:29: warning: format '%x' expects argument of type 'unsigned int', but argument 2 has type 'u32 {aka long unsigned int}' [-Wformat=]
    printf("Alarm Enable is %x\r\n", XAdcPs_IntrGetStatus(&Temp)) ;
                             ^
'Finished building: ../src/helloworld.c'
' '
'Building target: xadc_intr.elf'
'Invoking: ARM v7 gcc linker'
arm-none-eabi-gcc -mcpu=cortex-a9 -mfpu=vfpv3 -mfloat-abi=hard -Wl,-build-id=none -specs=Xilinx.spec -Wl,-T -Wl,../src/lscript.ld -L../../xadc_intr_bsp/ps7_cortexa9_0/lib -o "xadc_intr.elf"  ./src/helloworld.o ./src/platform.o   -Wl,--start-group,-lxil,-lgcc,-lc,--end-group
'Finished building target: xadc_intr.elf'
' '
'Invoking: ARM v7 Print Size'
arm-none-eabi-size xadc_intr.elf  |tee "xadc_intr.elf.size"
   text	   data	    bss	    dec	    hex	filename
  84180	   4168	  23376	 111724	  1b46c	xadc_intr.elf
'Finished building: xadc_intr.elf.size'
' '
15:48:28 **** Incremental Build of configuration Debug for project xadc_intr ****
make pre-build main-build 
a9-linaro-pre-build-step
' '
make: Nothing to be done for `main-build'.
15:49:23 **** Incremental Build of configuration Debug for project xadc_intr ****
make pre-build main-build 
a9-linaro-pre-build-step
' '
make: Nothing to be done for `main-build'.
09:30:46 **** Auto Build of configuration Debug for project ps_uart_test ****
make pre-build main-build 
a9-linaro-pre-build-step
' '
'Building file: ../src/helloworld.c'
'Invoking: ARM v7 gcc compiler'
arm-none-eabi-gcc -Wall -O0 -g3 -c -fmessage-length=0 -MT"src/helloworld.o" -mcpu=cortex-a9 -mfpu=vfpv3 -mfloat-abi=hard -I../../ps_uart_test_bsp/ps7_cortexa9_0/include -MMD -MP -MF"src/helloworld.d" -MT"src/helloworld.o" -o "src/helloworld.o" "../src/helloworld.c"
'Finished building: ../src/helloworld.c'
' '
'Building target: ps_uart_test.elf'
'Invoking: ARM v7 gcc linker'
arm-none-eabi-gcc -mcpu=cortex-a9 -mfpu=vfpv3 -mfloat-abi=hard -Wl,-build-id=none -specs=Xilinx.spec -Wl,-T -Wl,../src/lscript.ld -L../../ps_uart_test_bsp/ps7_cortexa9_0/lib -o "ps_uart_test.elf"  ./src/helloworld.o ./src/platform.o   -Wl,--start-group,-lxil,-lgcc,-lc,--end-group
'Finished building target: ps_uart_test.elf'
' '
'Invoking: ARM v7 Print Size'
arm-none-eabi-size ps_uart_test.elf  |tee "ps_uart_test.elf.size"
   text	   data	    bss	    dec	    hex	filename
  29236	   2772	  24680	  56688	   dd70	ps_uart_test.elf
'Finished building: ps_uart_test.elf.size'
' '
09:37:32 **** Auto Build of configuration Debug for project ps_uart_test ****
make pre-build main-build 
a9-linaro-pre-build-step
' '
'Building file: ../src/helloworld.c'
'Invoking: ARM v7 gcc compiler'
arm-none-eabi-gcc -Wall -O0 -g3 -c -fmessage-length=0 -MT"src/helloworld.o" -mcpu=cortex-a9 -mfpu=vfpv3 -mfloat-abi=hard -I../../ps_uart_test_bsp/ps7_cortexa9_0/include -MMD -MP -MF"src/helloworld.d" -MT"src/helloworld.o" -o "src/helloworld.o" "../src/helloworld.c"
'Finished building: ../src/helloworld.c'
' '
'Building target: ps_uart_test.elf'
'Invoking: ARM v7 gcc linker'
arm-none-eabi-gcc -mcpu=cortex-a9 -mfpu=vfpv3 -mfloat-abi=hard -Wl,-build-id=none -specs=Xilinx.spec -Wl,-T -Wl,../src/lscript.ld -L../../ps_uart_test_bsp/ps7_cortexa9_0/lib -o "ps_uart_test.elf"  ./src/helloworld.o ./src/platform.o   -Wl,--start-group,-lxil,-lgcc,-lc,--end-group
'Finished building target: ps_uart_test.elf'
' '
'Invoking: ARM v7 Print Size'
arm-none-eabi-size ps_uart_test.elf  |tee "ps_uart_test.elf.size"
   text	   data	    bss	    dec	    hex	filename
  29236	   2772	  24680	  56688	   dd70	ps_uart_test.elf
'Finished building: ps_uart_test.elf.size'
' '
09:38:34 **** Incremental Build of configuration Debug for project ps_uart_test ****
make pre-build main-build 
a9-linaro-pre-build-step
' '
make: Nothing to be done for `main-build'.
09:44:56 **** Auto Build of configuration Debug for project ps_uart_test ****
make pre-build main-build 
a9-linaro-pre-build-step
' '
'Building file: ../src/helloworld.c'
'Invoking: ARM v7 gcc compiler'
arm-none-eabi-gcc -Wall -O0 -g3 -c -fmessage-length=0 -MT"src/helloworld.o" -mcpu=cortex-a9 -mfpu=vfpv3 -mfloat-abi=hard -I../../ps_uart_test_bsp/ps7_cortexa9_0/include -MMD -MP -MF"src/helloworld.d" -MT"src/helloworld.o" -o "src/helloworld.o" "../src/helloworld.c"
'Finished building: ../src/helloworld.c'
' '
'Building target: ps_uart_test.elf'
'Invoking: ARM v7 gcc linker'
arm-none-eabi-gcc -mcpu=cortex-a9 -mfpu=vfpv3 -mfloat-abi=hard -Wl,-build-id=none -specs=Xilinx.spec -Wl,-T -Wl,../src/lscript.ld -L../../ps_uart_test_bsp/ps7_cortexa9_0/lib -o "ps_uart_test.elf"  ./src/helloworld.o ./src/platform.o   -Wl,--start-group,-lxil,-lgcc,-lc,--end-group
'Finished building target: ps_uart_test.elf'
' '
'Invoking: ARM v7 Print Size'
arm-none-eabi-size ps_uart_test.elf  |tee "ps_uart_test.elf.size"
   text	   data	    bss	    dec	    hex	filename
  29236	   2772	  24680	  56688	   dd70	ps_uart_test.elf
'Finished building: ps_uart_test.elf.size'
' '
09:45:00 **** Incremental Build of configuration Debug for project ps_uart_test ****
make pre-build main-build 
a9-linaro-pre-build-step
' '
make: Nothing to be done for `main-build'.
09:48:40 **** Incremental Build of configuration Debug for project ps_uart_test ****
make pre-build main-build 
a9-linaro-pre-build-step
' '
make: Nothing to be done for `main-build'.
09:56:48 **** Auto Build of configuration Debug for project ps_uart_test ****
make pre-build main-build 
a9-linaro-pre-build-step
' '
'Building file: ../src/helloworld.c'
'Invoking: ARM v7 gcc compiler'
arm-none-eabi-gcc -Wall -O0 -g3 -c -fmessage-length=0 -MT"src/helloworld.o" -mcpu=cortex-a9 -mfpu=vfpv3 -mfloat-abi=hard -I../../ps_uart_test_bsp/ps7_cortexa9_0/include -MMD -MP -MF"src/helloworld.d" -MT"src/helloworld.o" -o "src/helloworld.o" "../src/helloworld.c"
'Finished building: ../src/helloworld.c'
' '
'Building target: ps_uart_test.elf'
'Invoking: ARM v7 gcc linker'
arm-none-eabi-gcc -mcpu=cortex-a9 -mfpu=vfpv3 -mfloat-abi=hard -Wl,-build-id=none -specs=Xilinx.spec -Wl,-T -Wl,../src/lscript.ld -L../../ps_uart_test_bsp/ps7_cortexa9_0/lib -o "ps_uart_test.elf"  ./src/helloworld.o ./src/platform.o   -Wl,--start-group,-lxil,-lgcc,-lc,--end-group
'Finished building target: ps_uart_test.elf'
' '
'Invoking: ARM v7 Print Size'
arm-none-eabi-size ps_uart_test.elf  |tee "ps_uart_test.elf.size"
   text	   data	    bss	    dec	    hex	filename
  29232	   2772	  24680	  56684	   dd6c	ps_uart_test.elf
'Finished building: ps_uart_test.elf.size'
' '
09:57:48 **** Incremental Build of configuration Debug for project ps_uart_test ****
make pre-build main-build 
a9-linaro-pre-build-step
' '
make: Nothing to be done for `main-build'.
09:59:46 **** Incremental Build of configuration Debug for project ps_uart_test ****
make pre-build main-build 
a9-linaro-pre-build-step
' '
make: Nothing to be done for `main-build'.
10:11:39 **** Incremental Build of configuration Debug for project ps_uart_test ****
make pre-build main-build 
a9-linaro-pre-build-step
' '
make: Nothing to be done for `main-build'.
10:12:50 **** Auto Build of configuration Debug for project ps_uart_test ****
make pre-build main-build 
a9-linaro-pre-build-step
' '
'Building file: ../src/helloworld.c'
'Invoking: ARM v7 gcc compiler'
arm-none-eabi-gcc -Wall -O0 -g3 -c -fmessage-length=0 -MT"src/helloworld.o" -mcpu=cortex-a9 -mfpu=vfpv3 -mfloat-abi=hard -I../../ps_uart_test_bsp/ps7_cortexa9_0/include -MMD -MP -MF"src/helloworld.d" -MT"src/helloworld.o" -o "src/helloworld.o" "../src/helloworld.c"
'Finished building: ../src/helloworld.c'
' '
'Building target: ps_uart_test.elf'
'Invoking: ARM v7 gcc linker'
arm-none-eabi-gcc -mcpu=cortex-a9 -mfpu=vfpv3 -mfloat-abi=hard -Wl,-build-id=none -specs=Xilinx.spec -Wl,-T -Wl,../src/lscript.ld -L../../ps_uart_test_bsp/ps7_cortexa9_0/lib -o "ps_uart_test.elf"  ./src/helloworld.o ./src/platform.o   -Wl,--start-group,-lxil,-lgcc,-lc,--end-group
'Finished building target: ps_uart_test.elf'
' '
'Invoking: ARM v7 Print Size'
arm-none-eabi-size ps_uart_test.elf  |tee "ps_uart_test.elf.size"
   text	   data	    bss	    dec	    hex	filename
  29232	   2772	  24680	  56684	   dd6c	ps_uart_test.elf
'Finished building: ps_uart_test.elf.size'
' '
10:12:56 **** Incremental Build of configuration Debug for project ps_uart_test ****
make pre-build main-build 
a9-linaro-pre-build-step
' '
make: Nothing to be done for `main-build'.
10:14:09 **** Auto Build of configuration Debug for project ps_uart_test ****
make pre-build main-build 
a9-linaro-pre-build-step
' '
'Building file: ../src/helloworld.c'
'Invoking: ARM v7 gcc compiler'
arm-none-eabi-gcc -Wall -O0 -g3 -c -fmessage-length=0 -MT"src/helloworld.o" -mcpu=cortex-a9 -mfpu=vfpv3 -mfloat-abi=hard -I../../ps_uart_test_bsp/ps7_cortexa9_0/include -MMD -MP -MF"src/helloworld.d" -MT"src/helloworld.o" -o "src/helloworld.o" "../src/helloworld.c"
'Finished building: ../src/helloworld.c'
' '
'Building target: ps_uart_test.elf'
'Invoking: ARM v7 gcc linker'
arm-none-eabi-gcc -mcpu=cortex-a9 -mfpu=vfpv3 -mfloat-abi=hard -Wl,-build-id=none -specs=Xilinx.spec -Wl,-T -Wl,../src/lscript.ld -L../../ps_uart_test_bsp/ps7_cortexa9_0/lib -o "ps_uart_test.elf"  ./src/helloworld.o ./src/platform.o   -Wl,--start-group,-lxil,-lgcc,-lc,--end-group
'Finished building target: ps_uart_test.elf'
' '
'Invoking: ARM v7 Print Size'
arm-none-eabi-size ps_uart_test.elf  |tee "ps_uart_test.elf.size"
   text	   data	    bss	    dec	    hex	filename
  29232	   2772	  24680	  56684	   dd6c	ps_uart_test.elf
'Finished building: ps_uart_test.elf.size'
' '
10:14:14 **** Incremental Build of configuration Debug for project ps_uart_test ****
make pre-build main-build 
a9-linaro-pre-build-step
' '
make: Nothing to be done for `main-build'.
10:20:40 **** Auto Build of configuration Debug for project ps_uart_test ****
make pre-build main-build 
a9-linaro-pre-build-step
' '
'Building file: ../src/helloworld.c'
'Invoking: ARM v7 gcc compiler'
arm-none-eabi-gcc -Wall -O0 -g3 -c -fmessage-length=0 -MT"src/helloworld.o" -mcpu=cortex-a9 -mfpu=vfpv3 -mfloat-abi=hard -I../../ps_uart_test_bsp/ps7_cortexa9_0/include -MMD -MP -MF"src/helloworld.d" -MT"src/helloworld.o" -o "src/helloworld.o" "../src/helloworld.c"
'Finished building: ../src/helloworld.c'
' '
'Building target: ps_uart_test.elf'
'Invoking: ARM v7 gcc linker'
arm-none-eabi-gcc -mcpu=cortex-a9 -mfpu=vfpv3 -mfloat-abi=hard -Wl,-build-id=none -specs=Xilinx.spec -Wl,-T -Wl,../src/lscript.ld -L../../ps_uart_test_bsp/ps7_cortexa9_0/lib -o "ps_uart_test.elf"  ./src/helloworld.o ./src/platform.o   -Wl,--start-group,-lxil,-lgcc,-lc,--end-group
'Finished building target: ps_uart_test.elf'
' '
'Invoking: ARM v7 Print Size'
arm-none-eabi-size ps_uart_test.elf  |tee "ps_uart_test.elf.size"
   text	   data	    bss	    dec	    hex	filename
  29196	   2772	  24680	  56648	   dd48	ps_uart_test.elf
'Finished building: ps_uart_test.elf.size'
' '
10:20:45 **** Incremental Build of configuration Debug for project ps_uart_test ****
make pre-build main-build 
a9-linaro-pre-build-step
' '
make: Nothing to be done for `main-build'.
10:23:41 **** Auto Build of configuration Debug for project ps_uart_test ****
make pre-build main-build 
a9-linaro-pre-build-step
' '
'Building file: ../src/helloworld.c'
'Invoking: ARM v7 gcc compiler'
arm-none-eabi-gcc -Wall -O0 -g3 -c -fmessage-length=0 -MT"src/helloworld.o" -mcpu=cortex-a9 -mfpu=vfpv3 -mfloat-abi=hard -I../../ps_uart_test_bsp/ps7_cortexa9_0/include -MMD -MP -MF"src/helloworld.d" -MT"src/helloworld.o" -o "src/helloworld.o" "../src/helloworld.c"
'Finished building: ../src/helloworld.c'
' '
'Building target: ps_uart_test.elf'
'Invoking: ARM v7 gcc linker'
arm-none-eabi-gcc -mcpu=cortex-a9 -mfpu=vfpv3 -mfloat-abi=hard -Wl,-build-id=none -specs=Xilinx.spec -Wl,-T -Wl,../src/lscript.ld -L../../ps_uart_test_bsp/ps7_cortexa9_0/lib -o "ps_uart_test.elf"  ./src/helloworld.o ./src/platform.o   -Wl,--start-group,-lxil,-lgcc,-lc,--end-group
'Finished building target: ps_uart_test.elf'
' '
'Invoking: ARM v7 Print Size'
arm-none-eabi-size ps_uart_test.elf  |tee "ps_uart_test.elf.size"
   text	   data	    bss	    dec	    hex	filename
  29188	   2772	  24680	  56640	   dd40	ps_uart_test.elf
'Finished building: ps_uart_test.elf.size'
' '
10:23:46 **** Incremental Build of configuration Debug for project ps_uart_test ****
make pre-build main-build 
a9-linaro-pre-build-step
' '
make: Nothing to be done for `main-build'.
10:24:20 **** Auto Build of configuration Debug for project ps_uart_test ****
make pre-build main-build 
a9-linaro-pre-build-step
' '
'Building file: ../src/helloworld.c'
'Invoking: ARM v7 gcc compiler'
arm-none-eabi-gcc -Wall -O0 -g3 -c -fmessage-length=0 -MT"src/helloworld.o" -mcpu=cortex-a9 -mfpu=vfpv3 -mfloat-abi=hard -I../../ps_uart_test_bsp/ps7_cortexa9_0/include -MMD -MP -MF"src/helloworld.d" -MT"src/helloworld.o" -o "src/helloworld.o" "../src/helloworld.c"
'Finished building: ../src/helloworld.c'
' '
'Building target: ps_uart_test.elf'
'Invoking: ARM v7 gcc linker'
arm-none-eabi-gcc -mcpu=cortex-a9 -mfpu=vfpv3 -mfloat-abi=hard -Wl,-build-id=none -specs=Xilinx.spec -Wl,-T -Wl,../src/lscript.ld -L../../ps_uart_test_bsp/ps7_cortexa9_0/lib -o "ps_uart_test.elf"  ./src/helloworld.o ./src/platform.o   -Wl,--start-group,-lxil,-lgcc,-lc,--end-group
'Finished building target: ps_uart_test.elf'
' '
'Invoking: ARM v7 Print Size'
arm-none-eabi-size ps_uart_test.elf  |tee "ps_uart_test.elf.size"
   text	   data	    bss	    dec	    hex	filename
  29188	   2772	  24680	  56640	   dd40	ps_uart_test.elf
'Finished building: ps_uart_test.elf.size'
' '
10:24:25 **** Incremental Build of configuration Debug for project ps_uart_test ****
make pre-build main-build 
a9-linaro-pre-build-step
' '
make: Nothing to be done for `main-build'.
10:28:58 **** Auto Build of configuration Debug for project ps_uart_test ****
make pre-build main-build 
a9-linaro-pre-build-step
' '
'Building file: ../src/helloworld.c'
'Invoking: ARM v7 gcc compiler'
arm-none-eabi-gcc -Wall -O0 -g3 -c -fmessage-length=0 -MT"src/helloworld.o" -mcpu=cortex-a9 -mfpu=vfpv3 -mfloat-abi=hard -I../../ps_uart_test_bsp/ps7_cortexa9_0/include -MMD -MP -MF"src/helloworld.d" -MT"src/helloworld.o" -o "src/helloworld.o" "../src/helloworld.c"
'Finished building: ../src/helloworld.c'
' '
'Building target: ps_uart_test.elf'
'Invoking: ARM v7 gcc linker'
arm-none-eabi-gcc -mcpu=cortex-a9 -mfpu=vfpv3 -mfloat-abi=hard -Wl,-build-id=none -specs=Xilinx.spec -Wl,-T -Wl,../src/lscript.ld -L../../ps_uart_test_bsp/ps7_cortexa9_0/lib -o "ps_uart_test.elf"  ./src/helloworld.o ./src/platform.o   -Wl,--start-group,-lxil,-lgcc,-lc,--end-group
'Finished building target: ps_uart_test.elf'
' '
'Invoking: ARM v7 Print Size'
arm-none-eabi-size ps_uart_test.elf  |tee "ps_uart_test.elf.size"
   text	   data	    bss	    dec	    hex	filename
  29188	   2772	  24680	  56640	   dd40	ps_uart_test.elf
'Finished building: ps_uart_test.elf.size'
' '
10:36:10 **** Auto Build of configuration Debug for project ps_uart_test ****
make pre-build main-build 
a9-linaro-pre-build-step
' '
'Building file: ../src/helloworld.c'
'Invoking: ARM v7 gcc compiler'
arm-none-eabi-gcc -Wall -O0 -g3 -c -fmessage-length=0 -MT"src/helloworld.o" -mcpu=cortex-a9 -mfpu=vfpv3 -mfloat-abi=hard -I../../ps_uart_test_bsp/ps7_cortexa9_0/include -MMD -MP -MF"src/helloworld.d" -MT"src/helloworld.o" -o "src/helloworld.o" "../src/helloworld.c"
'Finished building: ../src/helloworld.c'
' '
'Building target: ps_uart_test.elf'
'Invoking: ARM v7 gcc linker'
arm-none-eabi-gcc -mcpu=cortex-a9 -mfpu=vfpv3 -mfloat-abi=hard -Wl,-build-id=none -specs=Xilinx.spec -Wl,-T -Wl,../src/lscript.ld -L../../ps_uart_test_bsp/ps7_cortexa9_0/lib -o "ps_uart_test.elf"  ./src/helloworld.o ./src/platform.o   -Wl,--start-group,-lxil,-lgcc,-lc,--end-group
'Finished building target: ps_uart_test.elf'
' '
'Invoking: ARM v7 Print Size'
arm-none-eabi-size ps_uart_test.elf  |tee "ps_uart_test.elf.size"
   text	   data	    bss	    dec	    hex	filename
  29180	   2772	  24680	  56632	   dd38	ps_uart_test.elf
'Finished building: ps_uart_test.elf.size'
' '
10:36:14 **** Incremental Build of configuration Debug for project ps_uart_test ****
make pre-build main-build 
a9-linaro-pre-build-step
' '
make: Nothing to be done for `main-build'.
10:40:22 **** Auto Build of configuration Debug for project ps_uart_test ****
make pre-build main-build 
a9-linaro-pre-build-step
' '
'Building file: ../src/helloworld.c'
'Invoking: ARM v7 gcc compiler'
arm-none-eabi-gcc -Wall -O0 -g3 -c -fmessage-length=0 -MT"src/helloworld.o" -mcpu=cortex-a9 -mfpu=vfpv3 -mfloat-abi=hard -I../../ps_uart_test_bsp/ps7_cortexa9_0/include -MMD -MP -MF"src/helloworld.d" -MT"src/helloworld.o" -o "src/helloworld.o" "../src/helloworld.c"
'Finished building: ../src/helloworld.c'
' '
'Building target: ps_uart_test.elf'
'Invoking: ARM v7 gcc linker'
arm-none-eabi-gcc -mcpu=cortex-a9 -mfpu=vfpv3 -mfloat-abi=hard -Wl,-build-id=none -specs=Xilinx.spec -Wl,-T -Wl,../src/lscript.ld -L../../ps_uart_test_bsp/ps7_cortexa9_0/lib -o "ps_uart_test.elf"  ./src/helloworld.o ./src/platform.o   -Wl,--start-group,-lxil,-lgcc,-lc,--end-group
'Finished building target: ps_uart_test.elf'
' '
'Invoking: ARM v7 Print Size'
arm-none-eabi-size ps_uart_test.elf  |tee "ps_uart_test.elf.size"
   text	   data	    bss	    dec	    hex	filename
  29180	   2772	  24680	  56632	   dd38	ps_uart_test.elf
'Finished building: ps_uart_test.elf.size'
' '
10:40:25 **** Incremental Build of configuration Debug for project ps_uart_test ****
make pre-build main-build 
a9-linaro-pre-build-step
' '
make: Nothing to be done for `main-build'.
10:47:05 **** Auto Build of configuration Debug for project ps_uart_test ****
make pre-build main-build 
a9-linaro-pre-build-step
' '
'Building file: ../src/helloworld.c'
'Invoking: ARM v7 gcc compiler'
arm-none-eabi-gcc -Wall -O0 -g3 -c -fmessage-length=0 -MT"src/helloworld.o" -mcpu=cortex-a9 -mfpu=vfpv3 -mfloat-abi=hard -I../../ps_uart_test_bsp/ps7_cortexa9_0/include -MMD -MP -MF"src/helloworld.d" -MT"src/helloworld.o" -o "src/helloworld.o" "../src/helloworld.c"
'Finished building: ../src/helloworld.c'
' '
'Building target: ps_uart_test.elf'
'Invoking: ARM v7 gcc linker'
arm-none-eabi-gcc -mcpu=cortex-a9 -mfpu=vfpv3 -mfloat-abi=hard -Wl,-build-id=none -specs=Xilinx.spec -Wl,-T -Wl,../src/lscript.ld -L../../ps_uart_test_bsp/ps7_cortexa9_0/lib -o "ps_uart_test.elf"  ./src/helloworld.o ./src/platform.o   -Wl,--start-group,-lxil,-lgcc,-lc,--end-group
'Finished building target: ps_uart_test.elf'
' '
'Invoking: ARM v7 Print Size'
arm-none-eabi-size ps_uart_test.elf  |tee "ps_uart_test.elf.size"
   text	   data	    bss	    dec	    hex	filename
  29192	   2772	  24680	  56644	   dd44	ps_uart_test.elf
'Finished building: ps_uart_test.elf.size'
' '
10:50:11 **** Auto Build of configuration Debug for project ps_uart_test ****
make pre-build main-build 
a9-linaro-pre-build-step
' '
'Building file: ../src/helloworld.c'
'Invoking: ARM v7 gcc compiler'
arm-none-eabi-gcc -Wall -O0 -g3 -c -fmessage-length=0 -MT"src/helloworld.o" -mcpu=cortex-a9 -mfpu=vfpv3 -mfloat-abi=hard -I../../ps_uart_test_bsp/ps7_cortexa9_0/include -MMD -MP -MF"src/helloworld.d" -MT"src/helloworld.o" -o "src/helloworld.o" "../src/helloworld.c"
'Finished building: ../src/helloworld.c'
' '
'Building target: ps_uart_test.elf'
'Invoking: ARM v7 gcc linker'
arm-none-eabi-gcc -mcpu=cortex-a9 -mfpu=vfpv3 -mfloat-abi=hard -Wl,-build-id=none -specs=Xilinx.spec -Wl,-T -Wl,../src/lscript.ld -L../../ps_uart_test_bsp/ps7_cortexa9_0/lib -o "ps_uart_test.elf"  ./src/helloworld.o ./src/platform.o   -Wl,--start-group,-lxil,-lgcc,-lc,--end-group
'Finished building target: ps_uart_test.elf'
' '
'Invoking: ARM v7 Print Size'
arm-none-eabi-size ps_uart_test.elf  |tee "ps_uart_test.elf.size"
   text	   data	    bss	    dec	    hex	filename
  29192	   2772	  24680	  56644	   dd44	ps_uart_test.elf
'Finished building: ps_uart_test.elf.size'
' '
10:55:02 **** Auto Build of configuration Debug for project ps_uart_test ****
make pre-build main-build 
a9-linaro-pre-build-step
' '
'Building file: ../src/helloworld.c'
'Invoking: ARM v7 gcc compiler'
arm-none-eabi-gcc -Wall -O0 -g3 -c -fmessage-length=0 -MT"src/helloworld.o" -mcpu=cortex-a9 -mfpu=vfpv3 -mfloat-abi=hard -I../../ps_uart_test_bsp/ps7_cortexa9_0/include -MMD -MP -MF"src/helloworld.d" -MT"src/helloworld.o" -o "src/helloworld.o" "../src/helloworld.c"
'Finished building: ../src/helloworld.c'
' '
'Building target: ps_uart_test.elf'
'Invoking: ARM v7 gcc linker'
arm-none-eabi-gcc -mcpu=cortex-a9 -mfpu=vfpv3 -mfloat-abi=hard -Wl,-build-id=none -specs=Xilinx.spec -Wl,-T -Wl,../src/lscript.ld -L../../ps_uart_test_bsp/ps7_cortexa9_0/lib -o "ps_uart_test.elf"  ./src/helloworld.o ./src/platform.o   -Wl,--start-group,-lxil,-lgcc,-lc,--end-group
'Finished building target: ps_uart_test.elf'
' '
'Invoking: ARM v7 Print Size'
arm-none-eabi-size ps_uart_test.elf  |tee "ps_uart_test.elf.size"
   text	   data	    bss	    dec	    hex	filename
  29192	   2772	  24680	  56644	   dd44	ps_uart_test.elf
'Finished building: ps_uart_test.elf.size'
' '
10:55:41 **** Auto Build of configuration Debug for project ps_uart_test ****
make pre-build main-build 
a9-linaro-pre-build-step
' '
'Building file: ../src/helloworld.c'
'Invoking: ARM v7 gcc compiler'
arm-none-eabi-gcc -Wall -O0 -g3 -c -fmessage-length=0 -MT"src/helloworld.o" -mcpu=cortex-a9 -mfpu=vfpv3 -mfloat-abi=hard -I../../ps_uart_test_bsp/ps7_cortexa9_0/include -MMD -MP -MF"src/helloworld.d" -MT"src/helloworld.o" -o "src/helloworld.o" "../src/helloworld.c"
'Finished building: ../src/helloworld.c'
' '
'Building target: ps_uart_test.elf'
'Invoking: ARM v7 gcc linker'
arm-none-eabi-gcc -mcpu=cortex-a9 -mfpu=vfpv3 -mfloat-abi=hard -Wl,-build-id=none -specs=Xilinx.spec -Wl,-T -Wl,../src/lscript.ld -L../../ps_uart_test_bsp/ps7_cortexa9_0/lib -o "ps_uart_test.elf"  ./src/helloworld.o ./src/platform.o   -Wl,--start-group,-lxil,-lgcc,-lc,--end-group
'Finished building target: ps_uart_test.elf'
' '
'Invoking: ARM v7 Print Size'
arm-none-eabi-size ps_uart_test.elf  |tee "ps_uart_test.elf.size"
   text	   data	    bss	    dec	    hex	filename
  29192	   2772	  24680	  56644	   dd44	ps_uart_test.elf
'Finished building: ps_uart_test.elf.size'
' '
10:55:44 **** Incremental Build of configuration Debug for project ps_uart_test ****
make pre-build main-build 
a9-linaro-pre-build-step
' '
make: Nothing to be done for `main-build'.
10:56:33 **** Auto Build of configuration Debug for project ps_uart_test ****
make pre-build main-build 
a9-linaro-pre-build-step
' '
'Building file: ../src/helloworld.c'
'Invoking: ARM v7 gcc compiler'
arm-none-eabi-gcc -Wall -O0 -g3 -c -fmessage-length=0 -MT"src/helloworld.o" -mcpu=cortex-a9 -mfpu=vfpv3 -mfloat-abi=hard -I../../ps_uart_test_bsp/ps7_cortexa9_0/include -MMD -MP -MF"src/helloworld.d" -MT"src/helloworld.o" -o "src/helloworld.o" "../src/helloworld.c"
'Finished building: ../src/helloworld.c'
' '
'Building target: ps_uart_test.elf'
'Invoking: ARM v7 gcc linker'
arm-none-eabi-gcc -mcpu=cortex-a9 -mfpu=vfpv3 -mfloat-abi=hard -Wl,-build-id=none -specs=Xilinx.spec -Wl,-T -Wl,../src/lscript.ld -L../../ps_uart_test_bsp/ps7_cortexa9_0/lib -o "ps_uart_test.elf"  ./src/helloworld.o ./src/platform.o   -Wl,--start-group,-lxil,-lgcc,-lc,--end-group
'Finished building target: ps_uart_test.elf'
' '
'Invoking: ARM v7 Print Size'
arm-none-eabi-size ps_uart_test.elf  |tee "ps_uart_test.elf.size"
   text	   data	    bss	    dec	    hex	filename
  29188	   2772	  24680	  56640	   dd40	ps_uart_test.elf
'Finished building: ps_uart_test.elf.size'
' '
10:56:37 **** Incremental Build of configuration Debug for project ps_uart_test ****
make pre-build main-build 
a9-linaro-pre-build-step
' '
make: Nothing to be done for `main-build'.
10:58:08 **** Auto Build of configuration Debug for project ps_uart_test ****
make pre-build main-build 
a9-linaro-pre-build-step
' '
'Building file: ../src/helloworld.c'
'Invoking: ARM v7 gcc compiler'
arm-none-eabi-gcc -Wall -O0 -g3 -c -fmessage-length=0 -MT"src/helloworld.o" -mcpu=cortex-a9 -mfpu=vfpv3 -mfloat-abi=hard -I../../ps_uart_test_bsp/ps7_cortexa9_0/include -MMD -MP -MF"src/helloworld.d" -MT"src/helloworld.o" -o "src/helloworld.o" "../src/helloworld.c"
'Finished building: ../src/helloworld.c'
' '
'Building target: ps_uart_test.elf'
'Invoking: ARM v7 gcc linker'
arm-none-eabi-gcc -mcpu=cortex-a9 -mfpu=vfpv3 -mfloat-abi=hard -Wl,-build-id=none -specs=Xilinx.spec -Wl,-T -Wl,../src/lscript.ld -L../../ps_uart_test_bsp/ps7_cortexa9_0/lib -o "ps_uart_test.elf"  ./src/helloworld.o ./src/platform.o   -Wl,--start-group,-lxil,-lgcc,-lc,--end-group
'Finished building target: ps_uart_test.elf'
' '
'Invoking: ARM v7 Print Size'
arm-none-eabi-size ps_uart_test.elf  |tee "ps_uart_test.elf.size"
   text	   data	    bss	    dec	    hex	filename
[...]
../src/main.c:126:20: warning: format '%d' expects argument of type 'int', but argument 2 has type 'int64_t {aka long long int}' [-Wformat=]
       printf("ok1 %d\r\n",fre);
                    ^
../src/main.c:154:25: warning: format '%d' expects argument of type 'int', but argument 2 has type 'int64_t {aka long long int}' [-Wformat=]
       printf("set_pins:%d \r\n",pins);
                         ^
../src/main.c:64:6: warning: variable 'SendByteNum' set but not used [-Wunused-but-set-variable]
  u32 SendByteNum ;//·¢ËÍ×Ö½ÚÊý
      ^~~~~~~~~~~
'Finished building: ../src/main.c'
' '
'Building target: ps_uart_test.elf'
'Invoking: ARM v7 gcc linker'
arm-none-eabi-gcc -mcpu=cortex-a9 -mfpu=vfpv3 -mfloat-abi=hard -Wl,-build-id=none -specs=Xilinx.spec -Wl,-T -Wl,../src/lscript.ld -L../../ps_uart_test_bsp/ps7_cortexa9_0/lib -o "ps_uart_test.elf"  ./src/main.o ./src/my_uart.o ./src/util.o   -Wl,--start-group,-lxil,-lgcc,-lc,--end-group
'Finished building target: ps_uart_test.elf'
' '
'Invoking: ARM v7 Print Size'
arm-none-eabi-size ps_uart_test.elf  |tee "ps_uart_test.elf.size"
   text	   data	    bss	    dec	    hex	filename
  86832	   4248	  25568	 116648	  1c7a8	ps_uart_test.elf
'Finished building: ps_uart_test.elf.size'
' '
13:40:48 **** Incremental Build of configuration Debug for project ps_uart_test ****
make pre-build main-build 
a9-linaro-pre-build-step
' '
make: Nothing to be done for `main-build'.
13:43:33 **** Auto Build of configuration Debug for project ps_uart_test ****
make pre-build main-build 
a9-linaro-pre-build-step
' '
'Building file: ../src/main.c'
'Invoking: ARM v7 gcc compiler'
arm-none-eabi-gcc -Wall -O0 -g3 -c -fmessage-length=0 -MT"src/main.o" -mcpu=cortex-a9 -mfpu=vfpv3 -mfloat-abi=hard -I../../ps_uart_test_bsp/ps7_cortexa9_0/include -MMD -MP -MF"src/main.d" -MT"src/main.o" -o "src/main.o" "../src/main.c"
../src/main.c:33:16: warning: 'fre' initialized and declared 'extern'
 extern int64_t fre = 0  ;
                ^~~
../src/main.c:34:16: warning: 'pins' initialized and declared 'extern'
 extern int64_t pins = 0 ;
                ^~~~
../src/main.c:35:16: warning: 'running_flag' initialized and declared 'extern'
 extern int64_t running_flag = 0 ;
                ^~~~~~~~~~~~
../src/main.c: In function 'main':
../src/main.c:69:11: warning: passing argument 2 of 'memset' makes integer from pointer without a cast [-Wint-conversion]
  memset(0,rec_data,sizeof(rec_data));
           ^~~~~~~~
In file included from f:\xilinx\sdk\2017.4\gnu\aarch32\nt\gcc-arm-none-eabi\arm-none-eabi\libc\usr\include\stdio.h:29:0,
                 from ../src/main.c:6:
f:\xilinx\sdk\2017.4\gnu\aarch32\nt\gcc-arm-none-eabi\arm-none-eabi\libc\usr\include\string.h:25:7: note: expected 'int' but argument is of type 'u8 * {aka unsigned char *}'
 _PTR  _EXFUN(memset,(_PTR, int, size_t));
       ^
../src/main.c:69:2: warning: null argument where non-null required (argument 1) [-Wnonnull]
  memset(0,rec_data,sizeof(rec_data));
  ^~~~~~
../src/main.c:115:9: warning: implicit declaration of function 'my_strcmp' [-Wimplicit-function-declaration]
      if(my_strcmp(SendBufferPtr+ReceivedByteNum-2,"hz",2)==1){
         ^~~~~~~~~
../src/main.c:117:13: warning: implicit declaration of function 'myatoi' [-Wimplicit-function-declaration]
       fre = myatoi(SendBufferPtr);
             ^~~~~~
../src/main.c:126:29: warning: format '%d' expects argument of type 'int', but argument 2 has type 'int64_t {aka long long int}' [-Wformat=]
       printf("ok set fre = %d hz\r\n",fre);
                             ^
../src/main.c:154:25: warning: format '%d' expects argument of type 'int', but argument 2 has type 'int64_t {aka long long int}' [-Wformat=]
       printf("set_pins:%d \r\n",pins);
                         ^
../src/main.c:64:6: warning: variable 'SendByteNum' set but not used [-Wunused-but-set-variable]
  u32 SendByteNum ;//·¢ËÍ×Ö½ÚÊý
      ^~~~~~~~~~~
'Finished building: ../src/main.c'
' '
'Building target: ps_uart_test.elf'
'Invoking: ARM v7 gcc linker'
arm-none-eabi-gcc -mcpu=cortex-a9 -mfpu=vfpv3 -mfloat-abi=hard -Wl,-build-id=none -specs=Xilinx.spec -Wl,-T -Wl,../src/lscript.ld -L../../ps_uart_test_bsp/ps7_cortexa9_0/lib -o "ps_uart_test.elf"  ./src/main.o ./src/my_uart.o ./src/util.o   -Wl,--start-group,-lxil,-lgcc,-lc,--end-group
'Finished building target: ps_uart_test.elf'
' '
'Invoking: ARM v7 Print Size'
arm-none-eabi-size ps_uart_test.elf  |tee "ps_uart_test.elf.size"
   text	   data	    bss	    dec	    hex	filename
  86840	   4248	  25568	 116656	  1c7b0	ps_uart_test.elf
'Finished building: ps_uart_test.elf.size'
' '
13:44:54 **** Incremental Build of configuration Debug for project ps_uart_test ****
make pre-build main-build 
a9-linaro-pre-build-step
' '
make: Nothing to be done for `main-build'.
13:49:41 **** Incremental Build of configuration Debug for project ps_uart_test ****
make pre-build main-build 
a9-linaro-pre-build-step
' '
make: Nothing to be done for `main-build'.
13:58:15 **** Auto Build of project ps_uart_test_bsp ****
make -k all 
"Running Make include in ps7_cortexa9_0/libsrc/coresightps_dcc_v1_4/src"
make -C ps7_cortexa9_0/libsrc/coresightps_dcc_v1_4/src -s include  "SHELL=CMD" "COMPILER=arm-none-eabi-gcc" "ARCHIVER=arm-none-eabi-ar" "COMPILER_FLAGS=  -O2 -c" "EXTRA_COMPILER_FLAGS=-mcpu=cortex-a9 -mfpu=vfpv3 -mfloat-abi=hard -nostartfiles -Wall -Wextra"
"Running Make include in ps7_cortexa9_0/libsrc/cpu_cortexa9_v2_5/src"
make -C ps7_cortexa9_0/libsrc/cpu_cortexa9_v2_5/src -s include  "SHELL=CMD" "COMPILER=arm-none-eabi-gcc" "ARCHIVER=arm-none-eabi-ar" "COMPILER_FLAGS=  -O2 -c" "EXTRA_COMPILER_FLAGS=-mcpu=cortex-a9 -mfpu=vfpv3 -mfloat-abi=hard -nostartfiles -Wall -Wextra"
"Running Make include in ps7_cortexa9_0/libsrc/ddrps_v1_0/src"
make -C ps7_cortexa9_0/libsrc/ddrps_v1_0/src -s include  "SHELL=CMD" "COMPILER=arm-none-eabi-gcc" "ARCHIVER=arm-none-eabi-ar" "COMPILER_FLAGS=  -O2 -c" "EXTRA_COMPILER_FLAGS=-mcpu=cortex-a9 -mfpu=vfpv3 -mfloat-abi=hard -nostartfiles -Wall -Wextra"
"Running Make include in ps7_cortexa9_0/libsrc/devcfg_v3_5/src"
make -C ps7_cortexa9_0/libsrc/devcfg_v3_5/src -s include  "SHELL=CMD" "COMPILER=arm-none-eabi-gcc" "ARCHIVER=arm-none-eabi-ar" "COMPILER_FLAGS=  -O2 -c" "EXTRA_COMPILER_FLAGS=-mcpu=cortex-a9 -mfpu=vfpv3 -mfloat-abi=hard -nostartfiles -Wall -Wextra"
"Running Make include in ps7_cortexa9_0/libsrc/dmaps_v2_3/src"
make -C ps7_cortexa9_0/libsrc/dmaps_v2_3/src -s include  "SHELL=CMD" "COMPILER=arm-none-eabi-gcc" "ARCHIVER=arm-none-eabi-ar" "COMPILER_FLAGS=  -O2 -c" "EXTRA_COMPILER_FLAGS=-mcpu=cortex-a9 -mfpu=vfpv3 -mfloat-abi=hard -nostartfiles -Wall -Wextra"
"Running Make include in ps7_cortexa9_0/libsrc/emacps_v3_6/src"
make -C ps7_cortexa9_0/libsrc/emacps_v3_6/src -s include  "SHELL=CMD" "COMPILER=arm-none-eabi-gcc" "ARCHIVER=arm-none-eabi-ar" "COMPILER_FLAGS=  -O2 -c" "EXTRA_COMPILER_FLAGS=-mcpu=cortex-a9 -mfpu=vfpv3 -mfloat-abi=hard -nostartfiles -Wall -Wextra"
"Running Make include in ps7_cortexa9_0/libsrc/gpiops_v3_3/src"
make -C ps7_cortexa9_0/libsrc/gpiops_v3_3/src -s include  "SHELL=CMD" "COMPILER=arm-none-eabi-gcc" "ARCHIVER=arm-none-eabi-ar" "COMPILER_FLAGS=  -O2 -c" "EXTRA_COMPILER_FLAGS=-mcpu=cortex-a9 -mfpu=vfpv3 -mfloat-abi=hard -nostartfiles -Wall -Wextra"
"Running Make include in ps7_cortexa9_0/libsrc/pin_ctrl_v1_0/src"
make -C ps7_cortexa9_0/libsrc/pin_ctrl_v1_0/src -s include  "SHELL=CMD" "COMPILER=arm-none-eabi-gcc" "ARCHIVER=arm-none-eabi-ar" "COMPILER_FLAGS=  -O2 -c" "EXTRA_COMPILER_FLAGS=-mcpu=cortex-a9 -mfpu=vfpv3 -mfloat-abi=hard -nostartfiles -Wall -Wextra"
"Running Make include in ps7_cortexa9_0/libsrc/qspips_v3_4/src"
make -C ps7_cortexa9_0/libsrc/qspips_v3_4/src -s include  "SHELL=CMD" "COMPILER=arm-none-eabi-gcc" "ARCHIVER=arm-none-eabi-ar" "COMPILER_FLAGS=  -O2 -c" "EXTRA_COMPILER_FLAGS=-mcpu=cortex-a9 -mfpu=vfpv3 -mfloat-abi=hard -nostartfiles -Wall -Wextra"
"Running Make include in ps7_cortexa9_0/libsrc/scugic_v3_8/src"
make -C ps7_cortexa9_0/libsrc/scugic_v3_8/src -s include  "SHELL=CMD" "COMPILER=arm-none-eabi-gcc" "ARCHIVER=arm-none-eabi-ar" "COMPILER_FLAGS=  -O2 -c" "EXTRA_COMPILER_FLAGS=-mcpu=cortex-a9 -mfpu=vfpv3 -mfloat-abi=hard -nostartfiles -Wall -Wextra"
"Running Make include in ps7_cortexa9_0/libsrc/scutimer_v2_1/src"
make -C ps7_cortexa9_0/libsrc/scutimer_v2_1/src -s include  "SHELL=CMD" "COMPILER=arm-none-eabi-gcc" "ARCHIVER=arm-none-eabi-ar" "COMPILER_FLAGS=  -O2 -c" "EXTRA_COMPILER_FLAGS=-mcpu=cortex-a9 -mfpu=vfpv3 -mfloat-abi=hard -nostartfiles -Wall -Wextra"
"Running Make include in ps7_cortexa9_0/libsrc/scuwdt_v2_1/src"
make -C ps7_cortexa9_0/libsrc/scuwdt_v2_1/src -s include  "SHELL=CMD" "COMPILER=arm-none-eabi-gcc" "ARCHIVER=arm-none-eabi-ar" "COMPILER_FLAGS=  -O2 -c" "EXTRA_COMPILER_FLAGS=-mcpu=cortex-a9 -mfpu=vfpv3 -mfloat-abi=hard -nostartfiles -Wall -Wextra"
"Running Make include in ps7_cortexa9_0/libsrc/sdps_v3_3/src"
make -C ps7_cortexa9_0/libsrc/sdps_v3_3/src -s include  "SHELL=CMD" "COMPILER=arm-none-eabi-gcc" "ARCHIVER=arm-none-eabi-ar" "COMPILER_FLAGS=  -O2 -c" "EXTRA_COMPILER_FLAGS=-mcpu=cortex-a9 -mfpu=vfpv3 -mfloat-abi=hard -nostartfiles -Wall -Wextra"
"Running Make include in ps7_cortexa9_0/libsrc/standalone_v6_5/src"
make -C ps7_cortexa9_0/libsrc/standalone_v6_5/src -s include  "SHELL=CMD" "COMPILER=arm-none-eabi-gcc" "ARCHIVER=arm-none-eabi-ar" "COMPILER_FLAGS=  -O2 -c" "EXTRA_COMPILER_FLAGS=-mcpu=cortex-a9 -mfpu=vfpv3 -mfloat-abi=hard -nostartfiles -Wall -Wextra"
"Running Make include in ps7_cortexa9_0/libsrc/uartps_v3_5/src"
make -C ps7_cortexa9_0/libsrc/uartps_v3_5/src -s include  "SHELL=CMD" "COMPILER=arm-none-eabi-gcc" "ARCHIVER=arm-none-eabi-ar" "COMPILER_FLAGS=  -O2 -c" "EXTRA_COMPILER_FLAGS=-mcpu=cortex-a9 -mfpu=vfpv3 -mfloat-abi=hard -nostartfiles -Wall -Wextra"
"Running Make include in ps7_cortexa9_0/libsrc/usbps_v2_4/src"
make -C ps7_cortexa9_0/libsrc/usbps_v2_4/src -s include  "SHELL=CMD" "COMPILER=arm-none-eabi-gcc" "ARCHIVER=arm-none-eabi-ar" "COMPILER_FLAGS=  -O2 -c" "EXTRA_COMPILER_FLAGS=-mcpu=cortex-a9 -mfpu=vfpv3 -mfloat-abi=hard -nostartfiles -Wall -Wextra"
"Running Make include in ps7_cortexa9_0/libsrc/xadcps_v2_2/src"
make -C ps7_cortexa9_0/libsrc/xadcps_v2_2/src -s include  "SHELL=CMD" "COMPILER=arm-none-eabi-gcc" "ARCHIVER=arm-none-eabi-ar" "COMPILER_FLAGS=  -O2 -c" "EXTRA_COMPILER_FLAGS=-mcpu=cortex-a9 -mfpu=vfpv3 -mfloat-abi=hard -nostartfiles -Wall -Wextra"
"Running Make libs in ps7_cortexa9_0/libsrc/coresightps_dcc_v1_4/src"
make -C ps7_cortexa9_0/libsrc/coresightps_dcc_v1_4/src -s libs  "SHELL=CMD" "COMPILER=arm-none-eabi-gcc" "ARCHIVER=arm-none-eabi-ar" "COMPILER_FLAGS=  -O2 -c" "EXTRA_COMPILER_FLAGS=-mcpu=cortex-a9 -mfpu=vfpv3 -mfloat-abi=hard -nostartfiles -Wall -Wextra"
"Compiling coresightps_dcc"
"Running Make libs in ps7_cortexa9_0/libsrc/cpu_cortexa9_v2_5/src"
make -C ps7_cortexa9_0/libsrc/cpu_cortexa9_v2_5/src -s libs  "SHELL=CMD" "COMPILER=arm-none-eabi-gcc" "ARCHIVER=arm-none-eabi-ar" "COMPILER_FLAGS=  -O2 -c" "EXTRA_COMPILER_FLAGS=-mcpu=cortex-a9 -mfpu=vfpv3 -mfloat-abi=hard -nostartfiles -Wall -Wextra"
"Compiling cpu_cortexa9"
"Running Make libs in ps7_cortexa9_0/libsrc/ddrps_v1_0/src"
make -C ps7_cortexa9_0/libsrc/ddrps_v1_0/src -s libs  "SHELL=CMD" "COMPILER=arm-none-eabi-gcc" "ARCHIVER=arm-none-eabi-ar" "COMPILER_FLAGS=  -O2 -c" "EXTRA_COMPILER_FLAGS=-mcpu=cortex-a9 -mfpu=vfpv3 -mfloat-abi=hard -nostartfiles -Wall -Wextra"
"Compiling ddrps"
"Running Make libs in ps7_cortexa9_0/libsrc/devcfg_v3_5/src"
make -C ps7_cortexa9_0/libsrc/devcfg_v3_5/src -s libs  "SHELL=CMD" "COMPILER=arm-none-eabi-gcc" "ARCHIVER=arm-none-eabi-ar" "COMPILER_FLAGS=  -O2 -c" "EXTRA_COMPILER_FLAGS=-mcpu=cortex-a9 -mfpu=vfpv3 -mfloat-abi=hard -nostartfiles -Wall -Wextra"
"Compiling devcfg"
"Running Make libs in ps7_cortexa9_0/libsrc/dmaps_v2_3/src"
make -C ps7_cortexa9_0/libsrc/dmaps_v2_3/src -s libs  "SHELL=CMD" "COMPILER=arm-none-eabi-gcc" "ARCHIVER=arm-none-eabi-ar" "COMPILER_FLAGS=  -O2 -c" "EXTRA_COMPILER_FLAGS=-mcpu=cortex-a9 -mfpu=vfpv3 -mfloat-abi=hard -nostartfiles -Wall -Wextra"
"Compiling dmaps"
"Running Make libs in ps7_cortexa9_0/libsrc/emacps_v3_6/src"
make -C ps7_cortexa9_0/libsrc/emacps_v3_6/src -s libs  "SHELL=CMD" "COMPILER=arm-none-eabi-gcc" "ARCHIVER=arm-none-eabi-ar" "COMPILER_FLAGS=  -O2 -c" "EXTRA_COMPILER_FLAGS=-mcpu=cortex-a9 -mfpu=vfpv3 -mfloat-abi=hard -nostartfiles -Wall -Wextra"
"Compiling emacps"
"Running Make libs in ps7_cortexa9_0/libsrc/gpiops_v3_3/src"
make -C ps7_cortexa9_0/libsrc/gpiops_v3_3/src -s libs  "SHELL=CMD" "COMPILER=arm-none-eabi-gcc" "ARCHIVER=arm-none-eabi-ar" "COMPILER_FLAGS=  -O2 -c" "EXTRA_COMPILER_FLAGS=-mcpu=cortex-a9 -mfpu=vfpv3 -mfloat-abi=hard -nostartfiles -Wall -Wextra"
"Compiling gpiops"
"Running Make libs in ps7_cortexa9_0/libsrc/pin_ctrl_v1_0/src"
make -C ps7_cortexa9_0/libsrc/pin_ctrl_v1_0/src -s libs  "SHELL=CMD" "COMPILER=arm-none-eabi-gcc" "ARCHIVER=arm-none-eabi-ar" "COMPILER_FLAGS=  -O2 -c" "EXTRA_COMPILER_FLAGS=-mcpu=cortex-a9 -mfpu=vfpv3 -mfloat-abi=hard -nostartfiles -Wall -Wextra"
"Compiling pin_ctrl..."
pin_ctrl_selftest.c: In function 'PIN_CTRL_Reg_SelfTest':
pin_ctrl_selftest.c:52:57: warning: comparison between signed and unsigned integer expressions [-Wsign-compare]
    if ( PIN_CTRL_mReadReg (baseaddr, read_loop_index*4) != (read_loop_index+1)*READ_WRITE_MUL_FACTOR){
                                                         ^~
pin_ctrl_selftest.c:36:6: warning: unused variable 'Index' [-Wunused-variable]
  int Index;
      ^~~~~
"Running Make libs in ps7_cortexa9_0/libsrc/qspips_v3_4/src"
make -C ps7_cortexa9_0/libsrc/qspips_v3_4/src -s libs  "SHELL=CMD" "COMPILER=arm-none-eabi-gcc" "ARCHIVER=arm-none-eabi-ar" "COMPILER_FLAGS=  -O2 -c" "EXTRA_COMPILER_FLAGS=-mcpu=cortex-a9 -mfpu=vfpv3 -mfloat-abi=hard -nostartfiles -Wall -Wextra"
"Compiling qspips"
"Running Make libs in ps7_cortexa9_0/libsrc/scugic_v3_8/src"
make -C ps7_cortexa9_0/libsrc/scugic_v3_8/src -s libs  "SHELL=CMD" "COMPILER=arm-none-eabi-gcc" "ARCHIVER=arm-none-eabi-ar" "COMPILER_FLAGS=  -O2 -c" "EXTRA_COMPILER_FLAGS=-mcpu=cortex-a9 -mfpu=vfpv3 -mfloat-abi=hard -nostartfiles -Wall -Wextra"
"Compiling scugic"
"Running Make libs in ps7_cortexa9_0/libsrc/scutimer_v2_1/src"
make -C ps7_cortexa9_0/libsrc/scutimer_v2_1/src -s libs  "SHELL=CMD" "COMPILER=arm-none-eabi-gcc" "ARCHIVER=arm-none-eabi-ar" "COMPILER_FLAGS=  -O2 -c" "EXTRA_COMPILER_FLAGS=-mcpu=cortex-a9 -mfpu=vfpv3 -mfloat-abi=hard -nostartfiles -Wall -Wextra"
"Compiling scutimer"
"Running Make libs in ps7_cortexa9_0/libsrc/scuwdt_v2_1/src"
make -C ps7_cortexa9_0/libsrc/scuwdt_v2_1/src -s libs  "SHELL=CMD" "COMPILER=arm-none-eabi-gcc" "ARCHIVER=arm-none-eabi-ar" "COMPILER_FLAGS=  -O2 -c" "EXTRA_COMPILER_FLAGS=-mcpu=cortex-a9 -mfpu=vfpv3 -mfloat-abi=hard -nostartfiles -Wall -Wextra"
"Compiling scuwdt"
"Running Make libs in ps7_cortexa9_0/libsrc/sdps_v3_3/src"
make -C ps7_cortexa9_0/libsrc/sdps_v3_3/src -s libs  "SHELL=CMD" "COMPILER=arm-none-eabi-gcc" "ARCHIVER=arm-none-eabi-ar" "COMPILER_FLAGS=  -O2 -c" "EXTRA_COMPILER_FLAGS=-mcpu=cortex-a9 -mfpu=vfpv3 -mfloat-abi=hard -nostartfiles -Wall -Wextra"
"Compiling sdps"
"Running Make libs in ps7_cortexa9_0/libsrc/standalone_v6_5/src"
make -C ps7_cortexa9_0/libsrc/standalone_v6_5/src -s libs  "SHELL=CMD" "COMPILER=arm-none-eabi-gcc" "ARCHIVER=arm-none-eabi-ar" "COMPILER_FLAGS=  -O2 -c" "EXTRA_COMPILER_FLAGS=-mcpu=cortex-a9 -mfpu=vfpv3 -mfloat-abi=hard -nostartfiles -Wall -Wextra"
"Compiling standalone"
"Running Make libs in ps7_cortexa9_0/libsrc/uartps_v3_5/src"
make -C ps7_cortexa9_0/libsrc/uartps_v3_5/src -s libs  "SHELL=CMD" "COMPILER=arm-none-eabi-gcc" "ARCHIVER=arm-none-eabi-ar" "COMPILER_FLAGS=  -O2 -c" "EXTRA_COMPILER_FLAGS=-mcpu=cortex-a9 -mfpu=vfpv3 -mfloat-abi=hard -nostartfiles -Wall -Wextra"
"Compiling uartps"
"Running Make libs in ps7_cortexa9_0/libsrc/usbps_v2_4/src"
make -C ps7_cortexa9_0/libsrc/usbps_v2_4/src -s libs  "SHELL=CMD" "COMPILER=arm-none-eabi-gcc" "ARCHIVER=arm-none-eabi-ar" "COMPILER_FLAGS=  -O2 -c" "EXTRA_COMPILER_FLAGS=-mcpu=cortex-a9 -mfpu=vfpv3 -mfloat-abi=hard -nostartfiles -Wall -Wextra"
"Compiling usbps"
"Running Make libs in ps7_cortexa9_0/libsrc/xadcps_v2_2/src"
make -C ps7_cortexa9_0/libsrc/xadcps_v2_2/src -s libs  "SHELL=CMD" "COMPILER=arm-none-eabi-gcc" "ARCHIVER=arm-none-eabi-ar" "COMPILER_FLAGS=  -O2 -c" "EXTRA_COMPILER_FLAGS=-mcpu=cortex-a9 -mfpu=vfpv3 -mfloat-abi=hard -nostartfiles -Wall -Wextra"
"Compiling xadcps"
'Finished building libraries'
13:58:35 **** Auto Build of configuration Debug for project ps_uart_test ****
make pre-build main-build 
a9-linaro-pre-build-step
' '
'Building file: ../src/main.c'
'Invoking: ARM v7 gcc compiler'
arm-none-eabi-gcc -Wall -O0 -g3 -c -fmessage-length=0 -MT"src/main.o" -mcpu=cortex-a9 -mfpu=vfpv3 -mfloat-abi=hard -I../../ps_uart_test_bsp/ps7_cortexa9_0/include -MMD -MP -MF"src/main.d" -MT"src/main.o" -o "src/main.o" "../src/main.c"
../src/main.c:33:16: warning: 'fre' initialized and declared 'extern'
 extern int64_t fre = 0  ;
                ^~~
../src/main.c:34:16: warning: 'pins' initialized and declared 'extern'
 extern int64_t pins = 0 ;
                ^~~~
../src/main.c:35:16: warning: 'running_flag' initialized and declared 'extern'
 extern int64_t running_flag = 0 ;
                ^~~~~~~~~~~~
../src/main.c: In function 'main':
../src/main.c:69:11: warning: passing argument 2 of 'memset' makes integer from pointer without a cast [-Wint-conversion]
  memset(0,rec_data,sizeof(rec_data));
           ^~~~~~~~
In file included from f:\xilinx\sdk\2017.4\gnu\aarch32\nt\gcc-arm-none-eabi\arm-none-eabi\libc\usr\include\stdio.h:29:0,
                 from ../src/main.c:6:
f:\xilinx\sdk\2017.4\gnu\aarch32\nt\gcc-arm-none-eabi\arm-none-eabi\libc\usr\include\string.h:25:7: note: expected 'int' but argument is of type 'u8 * {aka unsigned char *}'
 _PTR  _EXFUN(memset,(_PTR, int, size_t));
       ^
../src/main.c:69:2: warning: null argument where non-null required (argument 1) [-Wnonnull]
  memset(0,rec_data,sizeof(rec_data));
  ^~~~~~
../src/main.c:115:9: warning: implicit declaration of function 'my_strcmp' [-Wimplicit-function-declaration]
      if(my_strcmp(SendBufferPtr+ReceivedByteNum-2,"hz",2)==1){
         ^~~~~~~~~
../src/main.c:117:13: warning: implicit declaration of function 'myatoi' [-Wimplicit-function-declaration]
       fre = myatoi(SendBufferPtr);
             ^~~~~~
../src/main.c:126:29: warning: format '%d' expects argument of type 'int', but argument 2 has type 'int64_t {aka long long int}' [-Wformat=]
       printf("ok set fre = %d hz\r\n",fre);
                             ^
../src/main.c:154:25: warning: format '%d' expects argument of type 'int', but argument 2 has type 'int64_t {aka long long int}' [-Wformat=]
       printf("set_pins:%d \r\n",pins);
                         ^
../src/main.c:64:6: warning: variable 'SendByteNum' set but not used [-Wunused-but-set-variable]
  u32 SendByteNum ;//·¢ËÍ×Ö½ÚÊý
      ^~~~~~~~~~~
'Finished building: ../src/main.c'
' '
'Building file: ../src/my_uart.c'
'Invoking: ARM v7 gcc compiler'
arm-none-eabi-gcc -Wall -O0 -g3 -c -fmessage-length=0 -MT"src/my_uart.o" -mcpu=cortex-a9 -mfpu=vfpv3 -mfloat-abi=hard -I../../ps_uart_test_bsp/ps7_cortexa9_0/include -MMD -MP -MF"src/my_uart.d" -MT"src/my_uart.o" -o "src/my_uart.o" "../src/my_uart.c"
'Finished building: ../src/my_uart.c'
' '
'Building target: ps_uart_test.elf'
'Invoking: ARM v7 gcc linker'
arm-none-eabi-gcc -mcpu=cortex-a9 -mfpu=vfpv3 -mfloat-abi=hard -Wl,-build-id=none -specs=Xilinx.spec -Wl,-T -Wl,../src/lscript.ld -L../../ps_uart_test_bsp/ps7_cortexa9_0/lib -o "ps_uart_test.elf"  ./src/main.o ./src/my_uart.o ./src/util.o   -Wl,--start-group,-lxil,-lgcc,-lc,--end-group
'Finished building target: ps_uart_test.elf'
' '
'Invoking: ARM v7 Print Size'
arm-none-eabi-size ps_uart_test.elf  |tee "ps_uart_test.elf.size"
   text	   data	    bss	    dec	    hex	filename
  86840	   4248	  25568	 116656	  1c7b0	ps_uart_test.elf
'Finished building: ps_uart_test.elf.size'
' '
